Archive member included to satisfy reference by file (symbol)

/home/jass/Project/Lpc54114 mcu c code /Test/motor calibration/libs/libpower_cm4_hardabi.a(fsl_power_lib.o)
                              ./drivers/fsl_clock.o (POWER_SetVoltageForFreq)
/usr/local/mcuxpressoide-11.0.0_2516/ide/plugins/com.nxp.mcuxpresso.tools.linux_11.0.0.201905131304/tools/bin/../lib/gcc/arm-none-eabi/8.2.1/../../../../arm-none-eabi/lib/thumb/v7e-m+fp/hard/libcr_semihost_nf.a(_cr__main.o)
                              ./startup/startup_lpc5411x.o (__main)
/usr/local/mcuxpressoide-11.0.0_2516/ide/plugins/com.nxp.mcuxpresso.tools.linux_11.0.0.201905131304/tools/bin/../lib/gcc/arm-none-eabi/8.2.1/../../../../arm-none-eabi/lib/thumb/v7e-m+fp/hard/libcr_semihost_nf.a(_cr_assert.o)
                              ./drivers/fsl_clock.o (__assertion_failed)
/usr/local/mcuxpressoide-11.0.0_2516/ide/plugins/com.nxp.mcuxpresso.tools.linux_11.0.0.201905131304/tools/bin/../lib/gcc/arm-none-eabi/8.2.1/../../../../arm-none-eabi/lib/thumb/v7e-m+fp/hard/libcr_semihost_nf.a(__ciob.o)
                              /usr/local/mcuxpressoide-11.0.0_2516/ide/plugins/com.nxp.mcuxpresso.tools.linux_11.0.0.201905131304/tools/bin/../lib/gcc/arm-none-eabi/8.2.1/../../../../arm-none-eabi/lib/thumb/v7e-m+fp/hard/libcr_semihost_nf.a(_cr_assert.o) (__Ciob)
/usr/local/mcuxpressoide-11.0.0_2516/ide/plugins/com.nxp.mcuxpresso.tools.linux_11.0.0.201905131304/tools/bin/../lib/gcc/arm-none-eabi/8.2.1/../../../../arm-none-eabi/lib/thumb/v7e-m+fp/hard/libcr_semihost_nf.a(__sys_appexit.o)
                              /usr/local/mcuxpressoide-11.0.0_2516/ide/plugins/com.nxp.mcuxpresso.tools.linux_11.0.0.201905131304/tools/bin/../lib/gcc/arm-none-eabi/8.2.1/../../../../arm-none-eabi/lib/thumb/v7e-m+fp/hard/libcr_semihost_nf.a(_cr_assert.o) (__sys_appexit)
/usr/local/mcuxpressoide-11.0.0_2516/ide/plugins/com.nxp.mcuxpresso.tools.linux_11.0.0.201905131304/tools/bin/../lib/gcc/arm-none-eabi/8.2.1/../../../../arm-none-eabi/lib/thumb/v7e-m+fp/hard/libcr_c.a(memcpy.o)
                              ./amazon-freertos/freertos/queue.o (memcpy)
/usr/local/mcuxpressoide-11.0.0_2516/ide/plugins/com.nxp.mcuxpresso.tools.linux_11.0.0.201905131304/tools/bin/../lib/gcc/arm-none-eabi/8.2.1/../../../../arm-none-eabi/lib/thumb/v7e-m+fp/hard/libcr_c.a(memset.o)
                              ./drivers/fsl_ctimer.o (memset)
/usr/local/mcuxpressoide-11.0.0_2516/ide/plugins/com.nxp.mcuxpresso.tools.linux_11.0.0.201905131304/tools/bin/../lib/gcc/arm-none-eabi/8.2.1/../../../../arm-none-eabi/lib/thumb/v7e-m+fp/hard/libcr_c.a(_deferredlazyseek.o)
                              /usr/local/mcuxpressoide-11.0.0_2516/ide/plugins/com.nxp.mcuxpresso.tools.linux_11.0.0.201905131304/tools/bin/../lib/gcc/arm-none-eabi/8.2.1/../../../../arm-none-eabi/lib/thumb/v7e-m+fp/hard/libcr_semihost_nf.a(_cr_assert.o) (__flsbuf)
/usr/local/mcuxpressoide-11.0.0_2516/ide/plugins/com.nxp.mcuxpresso.tools.linux_11.0.0.201905131304/tools/bin/../lib/gcc/arm-none-eabi/8.2.1/../../../../arm-none-eabi/lib/thumb/v7e-m+fp/hard/libcr_c.a(_fflush.o)
                              /usr/local/mcuxpressoide-11.0.0_2516/ide/plugins/com.nxp.mcuxpresso.tools.linux_11.0.0.201905131304/tools/bin/../lib/gcc/arm-none-eabi/8.2.1/../../../../arm-none-eabi/lib/thumb/v7e-m+fp/hard/libcr_c.a(_deferredlazyseek.o) (_fflush)
/usr/local/mcuxpressoide-11.0.0_2516/ide/plugins/com.nxp.mcuxpresso.tools.linux_11.0.0.201905131304/tools/bin/../lib/gcc/arm-none-eabi/8.2.1/../../../../arm-none-eabi/lib/thumb/v7e-m+fp/hard/libcr_c.a(_writebuf.o)
                              /usr/local/mcuxpressoide-11.0.0_2516/ide/plugins/com.nxp.mcuxpresso.tools.linux_11.0.0.201905131304/tools/bin/../lib/gcc/arm-none-eabi/8.2.1/../../../../arm-none-eabi/lib/thumb/v7e-m+fp/hard/libcr_c.a(_deferredlazyseek.o) (_Cwritebuf)
/usr/local/mcuxpressoide-11.0.0_2516/ide/plugins/com.nxp.mcuxpresso.tools.linux_11.0.0.201905131304/tools/bin/../lib/gcc/arm-none-eabi/8.2.1/../../../../arm-none-eabi/lib/thumb/v7e-m+fp/hard/libcr_c.a(alloc.o)
                              ./drivers/fsl_common.o (malloc)
/usr/local/mcuxpressoide-11.0.0_2516/ide/plugins/com.nxp.mcuxpresso.tools.linux_11.0.0.201905131304/tools/bin/../lib/gcc/arm-none-eabi/8.2.1/../../../../arm-none-eabi/lib/thumb/v7e-m+fp/hard/libcr_c.a(fputs.o)
                              /usr/local/mcuxpressoide-11.0.0_2516/ide/plugins/com.nxp.mcuxpresso.tools.linux_11.0.0.201905131304/tools/bin/../lib/gcc/arm-none-eabi/8.2.1/../../../../arm-none-eabi/lib/thumb/v7e-m+fp/hard/libcr_semihost_nf.a(_cr_assert.o) (fputs)
/usr/local/mcuxpressoide-11.0.0_2516/ide/plugins/com.nxp.mcuxpresso.tools.linux_11.0.0.201905131304/tools/bin/../lib/gcc/arm-none-eabi/8.2.1/../../../../arm-none-eabi/lib/thumb/v7e-m+fp/hard/libcr_c.a(fseek.o)
[...]
Memory Configuration

Name             Origin             Length             Attributes
PROGRAM_FLASH    0x0000000000000000 0x0000000000040000 xr
SRAM1            0x0000000020010000 0x0000000000010000 xrw
SRAM0            0x0000000020000000 0x0000000000010000 xrw
SRAMX            0x0000000004000000 0x0000000000008000 xrw
SRAM2            0x0000000020020000 0x0000000000008000 xrw
*default*        0x0000000000000000 0xffffffffffffffff

Linker script and memory map

LOAD ./startup/boot_multicore_slave.o
LOAD ./startup/startup_lpc5411x.o
LOAD ./source/motor calibration.o
LOAD ./source/semihost_hardfault.o
LOAD ./drivers/fsl_clock.o
LOAD ./drivers/fsl_common.o
LOAD ./drivers/fsl_ctimer.o
LOAD ./drivers/fsl_power.o
LOAD ./drivers/fsl_reset.o
LOAD ./device/system_LPC54114_cm4.o
LOAD ./board/board.o
LOAD ./board/clock_config.o
LOAD ./board/peripherals.o
LOAD ./board/pin_mux.o
LOAD ./amazon-freertos/freertos/portable/heap_4.o
LOAD ./amazon-freertos/freertos/portable/port.o
LOAD ./amazon-freertos/freertos/event_groups.o
LOAD ./amazon-freertos/freertos/list.o
LOAD ./amazon-freertos/freertos/queue.o
LOAD ./amazon-freertos/freertos/stream_buffer.o
LOAD ./amazon-freertos/freertos/tasks.o
LOAD ./amazon-freertos/freertos/timers.o
LOAD /home/jass/Project/Lpc54114 mcu c code /Test/motor calibration/libs/libpower_cm4_hardabi.a
START GROUP
LOAD /usr/local/mcuxpressoide-11.0.0_2516/ide/plugins/com.nxp.mcuxpresso.tools.linux_11.0.0.201905131304/tools/bin/../lib/gcc/arm-none-eabi/8.2.1/../../../../arm-none-eabi/lib/thumb/v7e-m+fp/hard/libcr_semihost_nf.a
LOAD /usr/local/mcuxpressoide-11.0.0_2516/ide/plugins/com.nxp.mcuxpresso.tools.linux_11.0.0.201905131304/tools/bin/../lib/gcc/arm-none-eabi/8.2.1/../../../../arm-none-eabi/lib/thumb/v7e-m+fp/hard/libcr_c.a
LOAD /usr/local/mcuxpressoide-11.0.0_2516/ide/plugins/com.nxp.mcuxpresso.tools.linux_11.0.0.201905131304/tools/bin/../lib/gcc/arm-none-eabi/8.2.1/thumb/v7e-m+fp/hard/libcr_eabihelpers.a
LOAD /usr/local/mcuxpressoide-11.0.0_2516/ide/plugins/com.nxp.mcuxpresso.tools.linux_11.0.0.201905131304/tools/bin/../lib/gcc/arm-none-eabi/8.2.1/thumb/v7e-m+fp/hard/libgcc.a
END GROUP
                0x0000000000000000                __base_PROGRAM_FLASH = 0x0
                0x0000000000000000                __base_Flash = 0x0
                0x0000000000040000                __top_PROGRAM_FLASH = 0x40000
                0x0000000000040000                __top_Flash = 0x40000
                0x0000000020010000                __base_SRAM1 = 0x20010000
                0x0000000020010000                __base_RAM = 0x20010000
                0x0000000020020000                __top_SRAM1 = 0x20020000
                0x0000000020020000                __top_RAM = 0x20020000
                0x0000000020000000                __base_SRAM0 = 0x20000000
                0x0000000020000000                __base_RAM2 = 0x20000000
                0x0000000020010000                __top_SRAM0 = 0x20010000
                0x0000000020010000                __top_RAM2 = 0x20010000
                0x0000000004000000                __base_SRAMX = 0x4000000
                0x0000000004000000                __base_RAM3 = 0x4000000
                0x0000000004008000                __top_SRAMX = 0x4008000
                0x0000000004008000                __top_RAM3 = 0x4008000
                0x0000000020020000                __base_SRAM2 = 0x20020000
                0x0000000020020000                __base_RAM4 = 0x20020000
                0x0000000020028000                __top_SRAM2 = 0x20028000
                0x0000000020028000                __top_RAM4 = 0x20028000

.text           0x0000000000000000     0x2ff0
 FILL mask 0xff
                0x0000000000000000                __vectors_start__ = ABSOLUTE (.)
 *(SORT_BY_ALIGNMENT(.isr_vector))
 .isr_vector    0x0000000000000000       0xe0 ./startup/startup_lpc5411x.o
                0x0000000000000000                __Vectors
                0x0000000000000000                g_pfnVectors
                0x00000000000000e0                . = ALIGN (0x4)
                0x00000000000000e0                __section_table_start = .
                0x00000000000000e0                __data_section_table = .
                0x00000000000000e0        0x4 LONG 0x2ff0 LOADADDR (.data)
                0x00000000000000e4        0x4 LONG 0x20010000 ADDR (.data)
                0x00000000000000e8        0x4 LONG 0x8 SIZEOF (.data)
                0x00000000000000ec        0x4 LONG 0x2ff0 LOADADDR (.data_RAM2)
                0x00000000000000f0        0x4 LONG 0x20000000 ADDR (.data_RAM2)
                0x00000000000000f4        0x4 LONG 0x0 SIZEOF (.data_RAM2)
                0x00000000000000f8        0x4 LONG 0x2ff0 LOADADDR (.data_RAM3)
                0x00000000000000fc        0x4 LONG 0x4000000 ADDR (.data_RAM3)
                0x0000000000000100        0x4 LONG 0x0 SIZEOF (.data_RAM3)
                0x0000000000000104        0x4 LONG 0x2ff0 LOADADDR (.data_RAM4)
                0x0000000000000108        0x4 LONG 0x20020000 ADDR (.data_RAM4)
                0x000000000000010c        0x4 LONG 0x0 SIZEOF (.data_RAM4)
                0x0000000000000110                __data_section_table_end = .
                0x0000000000000110                __bss_section_table = .
                0x0000000000000110        0x4 LONG 0x20010008 ADDR (.bss)
                0x0000000000000114        0x4 LONG 0x29fc SIZEOF (.bss)
                0x0000000000000118        0x4 LONG 0x20000000 ADDR (.bss_RAM2)
                0x000000000000011c        0x4 LONG 0x0 SIZEOF (.bss_RAM2)
                0x0000000000000120        0x4 LONG 0x4000000 ADDR (.bss_RAM3)
                0x0000000000000124        0x4 LONG 0x0 SIZEOF (.bss_RAM3)
                0x0000000000000128        0x4 LONG 0x20020000 ADDR (.bss_RAM4)
                0x000000000000012c        0x4 LONG 0x0 SIZEOF (.bss_RAM4)
                0x0000000000000130                __bss_section_table_end = .
                0x0000000000000130                __section_table_end = .
 *(SORT_BY_ALIGNMENT(.after_vectors*))
 .after_vectors.reset
                0x0000000000000130       0x58 ./startup/startup_lpc5411x.o
                0x0000000000000130                ResetISR
 .after_vectors.init_data
                0x0000000000000188       0x1e ./startup/startup_lpc5411x.o
                0x0000000000000188                data_init
 .after_vectors.init_bss
                0x00000000000001a6       0x12 ./startup/startup_lpc5411x.o
                0x00000000000001a6                bss_init
 .after_vectors
                0x00000000000001b8       0x14 ./startup/startup_lpc5411x.o
                0x00000000000001b8                NMI_Handler
                0x00000000000001c2                MemManage_Handler
                0x00000000000001c4                BusFault_Handler
                0x00000000000001c6                UsageFault_Handler
                0x00000000000001c8                DebugMon_Handler
                0x00000000000001ca                FLEXCOMM1_DriverIRQHandler
                0x00000000000001ca                DMA0_DriverIRQHandler
                0x00000000000001ca                FLEXCOMM4_DriverIRQHandler
                0x00000000000001ca                PIN_INT3_DriverIRQHandler
                0x00000000000001ca                PIN_INT2_DriverIRQHandler
                0x00000000000001ca                FLEXCOMM0_DriverIRQHandler
                0x00000000000001ca                PIN_INT0_DriverIRQHandler
                0x00000000000001ca                SPIFI0_DriverIRQHandler
                0x00000000000001ca                IntDefaultHandler
                0x00000000000001ca                USB0_DriverIRQHandler
                0x00000000000001ca                MRT0_DriverIRQHandler
                0x00000000000001ca                UTICK0_DriverIRQHandler
                0x00000000000001ca                DMIC0_DriverIRQHandler
                0x00000000000001ca                PIN_INT4_DriverIRQHandler
                0x00000000000001ca                PIN_INT5_DriverIRQHandler
                0x00000000000001ca                FLEXCOMM2_DriverIRQHandler
                0x00000000000001ca                ADC0_THCMP_DriverIRQHandler
                0x00000000000001ca                GINT1_DriverIRQHandler
                0x00000000000001ca                PIN_INT7_DriverIRQHandler
                0x00000000000001ca                IOH_DriverIRQHandler
                0x00000000000001ca                USB0_NEEDCLK_DriverIRQHandler
                0x00000000000001ca                ADC0_SEQB_DriverIRQHandler
                0x00000000000001ca                FLEXCOMM6_DriverIRQHandler
                0x00000000000001ca                PIN_INT6_DriverIRQHandler
                0x00000000000001ca                MAILBOX_DriverIRQHandler
                0x00000000000001ca                PIN_INT1_DriverIRQHandler
                0x00000000000001ca                HWVAD0_DriverIRQHandler
                0x00000000000001ca                RTC_DriverIRQHandler
                0x00000000000001ca                FLEXCOMM3_DriverIRQHandler
                0x00000000000001ca                Reserved54_DriverIRQHandler
                0x00000000000001ca                FLEXCOMM5_DriverIRQHandler
                0x00000000000001ca                ADC0_SEQA_DriverIRQHandler
                0x00000000000001ca                FLEXCOMM7_DriverIRQHandler
                0x00000000000001ca                GINT0_DriverIRQHandler
                0x00000000000001ca                WDT_BOD_DriverIRQHandler
                0x00000000000001ca                SCT0_DriverIRQHandler
 *(SORT_BY_ALIGNMENT(.text*))
 *fill*         0x00000000000001cc        0x4 ff
 .text.SVC_Handler
                0x00000000000001d0       0x28 ./amazon-freertos/freertos/portable/port.o
                0x00000000000001d0                SVC_Handler
 *fill*         0x00000000000001f8        0x8 ff
 .text.PendSV_Handler
                0x0000000000000200       0x68 ./amazon-freertos/freertos/portable/port.o
                0x0000000000000200                PendSV_Handler
 .text.ResetISR2
                0x0000000000000268       0x78 ./startup/startup_lpc5411x.o
                0x0000000000000268                ResetISR2
 .text.main     0x00000000000002e0       0x54 ./source/motor calibration.o
                0x00000000000002e0                main
 .text.MotorsSetup
                0x0000000000000334       0xbc ./source/motor calibration.o
                0x0000000000000334                MotorsSetup
 .text.Stop     0x00000000000003f0       0x38 ./source/motor calibration.o
                0x00000000000003f0                Stop
 .text.Search   0x0000000000000428       0x38 ./source/motor calibration.o
                0x0000000000000428                Search
 .text.CLOCK_GetAsyncApbClkSrc
                0x0000000000000460       0x20 ./drivers/fsl_clock.o
 .text.CLOCK_AttachClk
                0x0000000000000480       0x8c ./drivers/fsl_clock.o
                0x0000000000000480                CLOCK_AttachClk
 .text.CLOCK_SetClkDiv
                0x000000000000050c       0x5c ./drivers/fsl_clock.o
                0x000000000000050c                CLOCK_SetClkDiv
 .text.CLOCK_SetupFROClocking
                0x0000000000000568       0xc8 ./drivers/fsl_clock.o
                0x0000000000000568                CLOCK_SetupFROClocking
 .text.CLOCK_GetFro12MFreq
                0x0000000000000630       0x28 ./drivers/fsl_clock.o
                0x0000000000000630                CLOCK_GetFro12MFreq
 .text.CLOCK_GetWdtOscFreq
                0x0000000000000658       0x68 ./drivers/fsl_clock.o
                0x0000000000000658                CLOCK_GetWdtOscFreq
 .text.CLOCK_GetFroHfFreq
                0x00000000000006c0       0x50 ./drivers/fsl_clock.o
                0x00000000000006c0                CLOCK_GetFroHfFreq
 .text.CLOCK_GetPllOutFreq
                0x0000000000000710       0x18 ./drivers/fsl_clock.o
                0x0000000000000710                CLOCK_GetPllOutFreq
 .text.CLOCK_GetI2SMClkFreq
                0x0000000000000728       0x18 ./drivers/fsl_clock.o
                0x0000000000000728                CLOCK_GetI2SMClkFreq
 .text.CLOCK_GetAsyncApbClkFreq
                0x0000000000000740       0x3c ./drivers/fsl_clock.o
                0x0000000000000740                CLOCK_GetAsyncApbClkFreq
 .text.CLOCK_GetFlexCommClkFreq
                0x000000000000077c       0x6c ./drivers/fsl_clock.o
                0x000000000000077c                CLOCK_GetFlexCommClkFreq
 .text.CLOCK_GetFRGInputClock
                0x00000000000007e8       0x58 ./drivers/fsl_clock.o
                0x00000000000007e8                CLOCK_GetFRGInputClock
 .text.CLOCK_GetDmicClkFreq
                0x0000000000000840       0x80 ./drivers/fsl_clock.o
                0x0000000000000840                CLOCK_GetDmicClkFreq
 .text.CLOCK_GetFreq
                0x00000000000008c0      0x134 ./drivers/fsl_clock.o
                0x00000000000008c0                CLOCK_GetFreq
 .text.CLOCK_SetFLASHAccessCyclesForFreq
                0x00000000000009f4       0x7c ./drivers/fsl_clock.o
                0x00000000000009f4                CLOCK_SetFLASHAccessCyclesForFreq
 .text.__NVIC_EnableIRQ
                0x0000000000000a70       0x3c ./drivers/fsl_ctimer.o
 .text.CLOCK_EnableClock
                0x0000000000000aac       0x4c ./drivers/fsl_ctimer.o
 .text.CTIMER_GetInstance
                0x0000000000000af8       0x54 ./drivers/fsl_ctimer.o
 .text.CTIMER_Init
                0x0000000000000b4c       0x74 ./drivers/fsl_ctimer.o
                0x0000000000000b4c                CTIMER_Init
 .text.CTIMER_GetDefaultConfig
                0x0000000000000bc0       0x3c ./drivers/fsl_ctimer.o
                0x0000000000000bc0                CTIMER_GetDefaultConfig
 .text.CTIMER_SetupPwm
                0x0000000000000bfc      0x11c ./drivers/fsl_ctimer.o
                0x0000000000000bfc                CTIMER_SetupPwm
 .text.CTIMER_UpdatePwmDutycycle
                0x0000000000000d18       0x70 ./drivers/fsl_ctimer.o
                0x0000000000000d18                CTIMER_UpdatePwmDutycycle
 .text.CTIMER_GenericIRQHandler
                0x0000000000000d88       0xb8 ./drivers/fsl_ctimer.o
                0x0000000000000d88                CTIMER_GenericIRQHandler
 .text.RESET_SetPeripheralReset
                0x0000000000000e40       0x7c ./drivers/fsl_reset.o
                0x0000000000000e40                RESET_SetPeripheralReset
 .text.RESET_ClearPeripheralReset
                0x0000000000000ebc       0x80 ./drivers/fsl_reset.o
                0x0000000000000ebc                RESET_ClearPeripheralReset
 .text.SystemInit
                0x0000000000000f3c       0x34 ./device/system_LPC54114_cm4.o
                0x0000000000000f3c                SystemInit
 .text.BOARD_BootClockRUN
                0x0000000000000f70       0x48 ./board/clock_config.o
                0x0000000000000f70                BOARD_BootClockRUN
 .text.CLOCK_EnableClock
                0x0000000000000fb8       0x4c ./board/pin_mux.o
 .text.BOARD_InitPins
                0x0000000000001004       0x60 ./board/pin_mux.o
                0x0000000000001004                BOARD_InitPins
 .text.pvPortMalloc
                0x0000000000001064      0x184 ./amazon-freertos/freertos/portable/heap_4.o
                0x0000000000001064                pvPortMalloc
 .text.vPortFree
                0x00000000000011e8       0xb0 ./amazon-freertos/freertos/portable/heap_4.o
                0x00000000000011e8                vPortFree
 .text.prvHeapInit
                0x0000000000001298       0xc4 ./amazon-freertos/freertos/portable/heap_4.o
 .text.prvInsertBlockIntoFreeList
                0x000000000000135c       0xb4 ./amazon-freertos/freertos/portable/heap_4.o
 .text.pxPortInitialiseStack
                0x0000000000001410       0x68 ./amazon-freertos/freertos/portable/port.o
                0x0000000000001410                pxPortInitialiseStack
 .text.prvTaskExitError
                0x0000000000001478       0x54 ./amazon-freertos/freertos/portable/port.o
 .text.vPortEnterCritical
                0x00000000000014cc       0x5c ./amazon-freertos/freertos/portable/port.o
                0x00000000000014cc                vPortEnterCritical
 .text.vPortExitCritical
                0x0000000000001528       0x50 ./amazon-freertos/freertos/portable/port.o
                0x0000000000001528                vPortExitCritical
 .text.SysTick_Handler
                0x0000000000001578       0x40 ./amazon-freertos/freertos/portable/port.o
                0x0000000000001578                SysTick_Handler
 .text.prvAddNewTaskToReadyList
                0x00000000000015b8       0xdc ./amazon-freertos/freertos/tasks.o
 .text.vTaskDelay
                0x0000000000001694       0x68 ./amazon-freertos/freertos/tasks.o
                0x0000000000001694                vTaskDelay
 .text.vTaskSuspendAll
                0x00000000000016fc       0x1c ./amazon-freertos/freertos/tasks.o
                0x00000000000016fc                vTaskSuspendAll
 .text.xTaskResumeAll
                0x0000000000001718      0x138 ./amazon-freertos/freertos/tasks.o
                0x0000000000001718                xTaskResumeAll
 .text.xTaskIncrementTick
                0x0000000000001850      0x150 ./amazon-freertos/freertos/tasks.o
                0x0000000000001850                xTaskIncrementTick
 .text.vTaskSwitchContext
                0x00000000000019a0       0xb4 ./amazon-freertos/freertos/tasks.o
                0x00000000000019a0                vTaskSwitchContext
 .text.prvInitialiseTaskLists
                0x0000000000001a54       0x80 ./amazon-freertos/freertos/tasks.o
 .text.prvResetNextTaskUnblockTime
                0x0000000000001ad4       0x40 ./amazon-freertos/freertos/tasks.o
 .text.prvAddCurrentTaskToDelayedList
                0x0000000000001b14       0xcc ./amazon-freertos/freertos/tasks.o
 .text.POWER_SetVoltageForFreq
                0x0000000000001be0       0x8c /home/jass/Project/Lpc54114 mcu c code /Test/motor calibration/libs/libpower_cm4_hardabi.a(fsl_power_lib.o)
                0x0000000000001be0                POWER_SetVoltageForFreq
 .text.__assertion_failed
                0x0000000000001c6c       0x4c /usr/local/mcuxpressoide-11.0.0_2516/ide/plugins/com.nxp.mcuxpresso.tools.linux_11.0.0.201905131304/tools/bin/../lib/gcc/arm-none-eabi/8.2.1/../../../../arm-none-eabi/lib/thumb/v7e-m+fp/hard/libcr_semihost_nf.a(_cr_assert.o)
                0x0000000000001c6c                __assertion_failed
 .text.__sys_appexit
                0x0000000000001cb8        0xc /usr/local/mcuxpressoide-11.0.0_2516/ide/plugins/com.nxp.mcuxpresso.tools.linux_11.0.0.201905131304/tools/bin/../lib/gcc/arm-none-eabi/8.2.1/../../../../arm-none-eabi/lib/thumb/v7e-m+fp/hard/libcr_semihost_nf.a(__sys_appexit.o)
                0x0000000000001cb8                __exit
                0x0000000000001cb8                __sys_appexit
 .text._Cwritebuf
                0x0000000000001cc4       0x6c /usr/local/mcuxpressoide-11.0.0_2516/ide/plugins/com.nxp.mcuxpresso.tools.linux_11.0.0.201905131304/tools/bin/../lib/gcc/arm-none-eabi/8.2.1/../../../../arm-none-eabi/lib/thumb/v7e-m+fp/hard/libcr_c.a(_writebuf.o)
                0x0000000000001cc4                _Cwritebuf
 .text.malloc   0x0000000000001d30       0xc8 /usr/local/mcuxpressoide-11.0.0_2516/ide/plugins/com.nxp.mcuxpresso.tools.linux_11.0.0.201905131304/tools/bin/../lib/gcc/arm-none-eabi/8.2.1/../../../../arm-none-eabi/lib/thumb/v7e-m+fp/hard/libcr_c.a(alloc.o)
                0x0000000000001d30                malloc
 .text._Csys_alloc
                0x0000000000001df8       0x20 /usr/local/mcuxpressoide-11.0.0_2516/ide/plugins/com.nxp.mcuxpresso.tools.linux_11.0.0.201905131304/tools/bin/../lib/gcc/arm-none-eabi/8.2.1/../../../../arm-none-eabi/lib/thumb/v7e-m+fp/hard/libcr_c.a(alloc.o)
                0x0000000000001df8                _Csys_alloc
 .text.fseek    0x0000000000001e18      0x100 /usr/local/mcuxpressoide-11.0.0_2516/ide/plugins/com.nxp.mcuxpresso.tools.linux_11.0.0.201905131304/tools/bin/../lib/gcc/arm-none-eabi/8.2.1/../../../../arm-none-eabi/lib/thumb/v7e-m+fp/hard/libcr_c.a(fseek.o)
                0x0000000000001e18                fseek
 .text.ftell    0x0000000000001f18       0x48 /usr/local/mcuxpressoide-11.0.0_2516/ide/plugins/com.nxp.mcuxpresso.tools.linux_11.0.0.201905131304/tools/bin/../lib/gcc/arm-none-eabi/8.2.1/../../../../arm-none-eabi/lib/thumb/v7e-m+fp/hard/libcr_c.a(ftell.o)
                0x0000000000001f18                ftell
 .text._initio  0x0000000000001f60       0x78 /usr/local/mcuxpressoide-11.0.0_2516/ide/plugins/com.nxp.mcuxpresso.tools.linux_11.0.0.201905131304/tools/bin/../lib/gcc/arm-none-eabi/8.2.1/../../../../arm-none-eabi/lib/thumb/v7e-m+fp/hard/libcr_c.a(initio.o)
                0x0000000000001f60                _initio
 .text.setvbuf  0x0000000000001fd8       0x40 /usr/local/mcuxpressoide-11.0.0_2516/ide/plugins/com.nxp.mcuxpresso.tools.linux_11.0.0.201905131304/tools/bin/../lib/gcc/arm-none-eabi/8.2.1/../../../../arm-none-eabi/lib/thumb/v7e-m+fp/hard/libcr_c.a(setvbuf.o)
                0x0000000000001fd8                setvbuf
 .text._sbrk    0x0000000000002018       0x3c /usr/local/mcuxpressoide-11.0.0_2516/ide/plugins/com.nxp.mcuxpresso.tools.linux_11.0.0.201905131304/tools/bin/../lib/gcc/arm-none-eabi/8.2.1/../../../../arm-none-eabi/lib/thumb/v7e-m+fp/hard/libcr_c.a(_cr_sbrk.o)
                0x0000000000002018                _sbrk
 .text.fflush   0x0000000000002054       0x44 /usr/local/mcuxpressoide-11.0.0_2516/ide/plugins/com.nxp.mcuxpresso.tools.linux_11.0.0.201905131304/tools/bin/../lib/gcc/arm-none-eabi/8.2.1/../../../../arm-none-eabi/lib/thumb/v7e-m+fp/hard/libcr_c.a(fflush.o)
                0x0000000000002054                fflush
 .text.__check_heap_overflow
                0x0000000000002098       0x18 /usr/local/mcuxpressoide-11.0.0_2516/ide/plugins/com.nxp.mcuxpresso.tools.linux_11.0.0.201905131304/tools/bin/../lib/gcc/arm-none-eabi/8.2.1/../../../../arm-none-eabi/lib/thumb/v7e-m+fp/hard/libcr_c.a(_cr_check_heap.o)
                0x0000000000002098                __check_heap_overflow
 .text.WDT_BOD_IRQHandler
                0x00000000000020b0        0x8 ./startup/startup_lpc5411x.o
                0x00000000000020b0                WDT_BOD_IRQHandler
 .text.DMA0_IRQHandler
                0x00000000000020b8        0x8 ./startup/startup_lpc5411x.o
                0x00000000000020b8                DMA0_IRQHandler
 .text.GINT0_IRQHandler
                0x00000000000020c0        0x8 ./startup/startup_lpc5411x.o
                0x00000000000020c0                GINT0_IRQHandler
 .text.GINT1_IRQHandler
                0x00000000000020c8        0x8 ./startup/startup_lpc5411x.o
                0x00000000000020c8                GINT1_IRQHandler
 .text.PIN_INT0_IRQHandler
                0x00000000000020d0        0x8 ./startup/startup_lpc5411x.o
                0x00000000000020d0                PIN_INT0_IRQHandler
 .text.PIN_INT1_IRQHandler
                0x00000000000020d8        0x8 ./startup/startup_lpc5411x.o
                0x00000000000020d8                PIN_INT1_IRQHandler
 .text.PIN_INT2_IRQHandler
                0x00000000000020e0        0x8 ./startup/startup_lpc5411x.o
                0x00000000000020e0                PIN_INT2_IRQHandler
 .text.PIN_INT3_IRQHandler
                0x00000000000020e8        0x8 ./startup/startup_lpc5411x.o
                0x00000000000020e8                PIN_INT3_IRQHandler
 .text.UTICK0_IRQHandler
                0x00000000000020f0        0x8 ./startup/startup_lpc5411x.o
                0x00000000000020f0                UTICK0_IRQHandler
 .text.MRT0_IRQHandler
                0x00000000000020f8        0x8 ./startup/startup_lpc5411x.o
                0x00000000000020f8                MRT0_IRQHandler
 .text.CTIMER0_IRQHandler
                0x0000000000002100        0x8 ./startup/startup_lpc5411x.o
                0x0000000000002100                CTIMER0_IRQHandler
 .text.CTIMER1_IRQHandler
                0x0000000000002108        0x8 ./startup/startup_lpc5411x.o
                0x0000000000002108                CTIMER1_IRQHandler
 .text.SCT0_IRQHandler
                0x0000000000002110        0x8 ./startup/startup_lpc5411x.o
                0x0000000000002110                SCT0_IRQHandler
 .text.CTIMER3_IRQHandler
                0x0000000000002118        0x8 ./startup/startup_lpc5411x.o
                0x0000000000002118                CTIMER3_IRQHandler
 .text.FLEXCOMM0_IRQHandler
                0x0000000000002120        0x8 ./startup/startup_lpc5411x.o
                0x0000000000002120                FLEXCOMM0_IRQHandler
 .text.FLEXCOMM1_IRQHandler
                0x0000000000002128        0x8 ./startup/startup_lpc5411x.o
                0x0000000000002128                FLEXCOMM1_IRQHandler
 .text.FLEXCOMM2_IRQHandler
                0x0000000000002130        0x8 ./startup/startup_lpc5411x.o
                0x0000000000002130                FLEXCOMM2_IRQHandler
 .text.FLEXCOMM3_IRQHandler
                0x0000000000002138        0x8 ./startup/startup_lpc5411x.o
                0x0000000000002138                FLEXCOMM3_IRQHandler
 .text.FLEXCOMM4_IRQHandler
                0x0000000000002140        0x8 ./startup/startup_lpc5411x.o
                0x0000000000002140                FLEXCOMM4_IRQHandler
 .text.FLEXCOMM5_IRQHandler
                0x0000000000002148        0x8 ./startup/startup_lpc5411x.o
                0x0000000000002148                FLEXCOMM5_IRQHandler
 .text.FLEXCOMM6_IRQHandler
                0x0000000000002150        0x8 ./startup/startup_lpc5411x.o
                0x0000000000002150                FLEXCOMM6_IRQHandler
 .text.FLEXCOMM7_IRQHandler
                0x0000000000002158        0x8 ./startup/startup_lpc5411x.o
                0x0000000000002158                FLEXCOMM7_IRQHandler
 .text.ADC0_SEQA_IRQHandler
                0x0000000000002160        0x8 ./startup/startup_lpc5411x.o
                0x0000000000002160                ADC0_SEQA_IRQHandler
 .text.ADC0_SEQB_IRQHandler
                0x0000000000002168        0x8 ./startup/startup_lpc5411x.o
                0x0000000000002168                ADC0_SEQB_IRQHandler
 .text.ADC0_THCMP_IRQHandler
                0x0000000000002170        0x8 ./startup/startup_lpc5411x.o
                0x0000000000002170                ADC0_THCMP_IRQHandler
 .text.DMIC0_IRQHandler
                0x0000000000002178        0x8 ./startup/startup_lpc5411x.o
                0x0000000000002178                DMIC0_IRQHandler
 .text.HWVAD0_IRQHandler
                0x0000000000002180        0x8 ./startup/startup_lpc5411x.o
                0x0000000000002180                HWVAD0_IRQHandler
 .text.USB0_NEEDCLK_IRQHandler
                0x0000000000002188        0x8 ./startup/startup_lpc5411x.o
                0x0000000000002188                USB0_NEEDCLK_IRQHandler
 .text.USB0_IRQHandler
                0x0000000000002190        0x8 ./startup/startup_lpc5411x.o
                0x0000000000002190                USB0_IRQHandler
 .text.RTC_IRQHandler
                0x0000000000002198        0x8 ./startup/startup_lpc5411x.o
                0x0000000000002198                RTC_IRQHandler
 .text.IOH_IRQHandler
                0x00000000000021a0        0x8 ./startup/startup_lpc5411x.o
                0x00000000000021a0                IOH_IRQHandler
 .text.MAILBOX_IRQHandler
                0x00000000000021a8        0x8 ./startup/startup_lpc5411x.o
                0x00000000000021a8                MAILBOX_IRQHandler
 .text.PIN_INT4_IRQHandler
                0x00000000000021b0        0x8 ./startup/startup_lpc5411x.o
                0x00000000000021b0                PIN_INT4_IRQHandler
 .text.PIN_INT5_IRQHandler
                0x00000000000021b8        0x8 ./startup/startup_lpc5411x.o
                0x00000000000021b8                PIN_INT5_IRQHandler
 .text.PIN_INT6_IRQHandler
                0x00000000000021c0        0x8 ./startup/startup_lpc5411x.o
                0x00000000000021c0                PIN_INT6_IRQHandler
 .text.PIN_INT7_IRQHandler
                0x00000000000021c8        0x8 ./startup/startup_lpc5411x.o
                0x00000000000021c8                PIN_INT7_IRQHandler
 .text.CTIMER2_IRQHandler
                0x00000000000021d0        0x8 ./startup/startup_lpc5411x.o
                0x00000000000021d0                CTIMER2_IRQHandler
 .text.CTIMER4_IRQHandler
                0x00000000000021d8        0x8 ./startup/startup_lpc5411x.o
                0x00000000000021d8                CTIMER4_IRQHandler
 .text.Reserved54_IRQHandler
                0x00000000000021e0        0x8 ./startup/startup_lpc5411x.o
                0x00000000000021e0                Reserved54_IRQHandler
 .text.SPIFI0_IRQHandler
                0x00000000000021e8        0x8 ./startup/startup_lpc5411x.o
                0x00000000000021e8                SPIFI0_IRQHandler
 .text.CTIMER_StartTimer
                0x00000000000021f0       0x20 ./source/motor calibration.o
 .text.Object_Search
                0x0000000000002210       0x20 ./source/motor calibration.o
 .text.HardFault_Handler
                0x0000000000002230       0x2c ./source/semihost_hardfault.o
                0x0000000000002230                HardFault_Handler
 .text.CLOCK_SetFLASHAccessCycles
                0x000000000000225c       0x34 ./drivers/fsl_clock.o
 .text.POWER_DisablePD
                0x0000000000002290       0x2e ./drivers/fsl_clock.o
 .text.CLOCK_GetExtClkFreq
                0x00000000000022be       0x10 ./drivers/fsl_clock.o
                0x00000000000022be                CLOCK_GetExtClkFreq
 .text.CLOCK_GetOsc32KFreq
                0x00000000000022ce       0x12 ./drivers/fsl_clock.o
                0x00000000000022ce                CLOCK_GetOsc32KFreq
 .text.CLOCK_GetCoreSysClkFreq
                0x00000000000022e0       0x8e ./drivers/fsl_clock.o
                0x00000000000022e0                CLOCK_GetCoreSysClkFreq
 .text.CLOCK_GetFrgClkFreq
                0x000000000000236e       0x64 ./drivers/fsl_clock.o
                0x000000000000236e                CLOCK_GetFrgClkFreq
 .text.CLOCK_GetUsbClkFreq
                0x00000000000023d2       0x4a ./drivers/fsl_clock.o
                0x00000000000023d2                CLOCK_GetUsbClkFreq
 .text.EnableIRQ
                0x000000000000241c       0x2c ./drivers/fsl_ctimer.o
 .text.CTIMER_GetStatusFlags
                0x0000000000002448       0x18 ./drivers/fsl_ctimer.o
 .text.CTIMER_ClearStatusFlags
                0x0000000000002460       0x1c ./drivers/fsl_ctimer.o
 .text.CTIMER0_DriverIRQHandler
                0x000000000000247c       0x12 ./drivers/fsl_ctimer.o
                0x000000000000247c                CTIMER0_DriverIRQHandler
 .text.CTIMER1_DriverIRQHandler
                0x000000000000248e       0x12 ./drivers/fsl_ctimer.o
                0x000000000000248e                CTIMER1_DriverIRQHandler
 .text.CTIMER2_DriverIRQHandler
                0x00000000000024a0       0x12 ./drivers/fsl_ctimer.o
                0x00000000000024a0                CTIMER2_DriverIRQHandler
 .text.CTIMER3_DriverIRQHandler
                0x00000000000024b2       0x12 ./drivers/fsl_ctimer.o
                0x00000000000024b2                CTIMER3_DriverIRQHandler
 .text.CTIMER4_DriverIRQHandler
                0x00000000000024c4       0x12 ./drivers/fsl_ctimer.o
                0x00000000000024c4                CTIMER4_DriverIRQHandler
 .text.RESET_PeripheralReset
                0x00000000000024d6       0x1c ./drivers/fsl_reset.o
                0x00000000000024d6                RESET_PeripheralReset
 .text.SystemInitHook
                0x00000000000024f2        0xe ./device/system_LPC54114_cm4.o
                0x00000000000024f2                SystemInitHook
 .text.POWER_DisablePD
                0x0000000000002500       0x2e ./board/clock_config.o
 .text.BOARD_InitBootClocks
                0x000000000000252e        0xc ./board/clock_config.o
                0x000000000000252e                BOARD_InitBootClocks
 .text.BOARD_InitPeripherals
                0x000000000000253a        0xe ./board/peripherals.o
                0x000000000000253a                BOARD_InitPeripherals
 .text.BOARD_InitBootPeripherals
                0x0000000000002548        0xc ./board/peripherals.o
                0x0000000000002548                BOARD_InitBootPeripherals
 .text.BOARD_InitBootPins
                0x0000000000002554        0xc ./board/pin_mux.o
                0x0000000000002554                BOARD_InitBootPins
 .text.vListInitialise
                0x0000000000002560       0x40 ./amazon-freertos/freertos/list.o
                0x0000000000002560                vListInitialise
 .text.vListInitialiseItem
                0x00000000000025a0       0x1a ./amazon-freertos/freertos/list.o
                0x00000000000025a0                vListInitialiseItem
 .text.vListInsertEnd
                0x00000000000025ba       0x48 ./amazon-freertos/freertos/list.o
                0x00000000000025ba                vListInsertEnd
 .text.vListInsert
                0x0000000000002602       0x72 ./amazon-freertos/freertos/list.o
                0x0000000000002602                vListInsert
 .text.uxListRemove
                0x0000000000002674       0x54 ./amazon-freertos/freertos/list.o
                0x0000000000002674                uxListRemove
 .text.xTaskCreate
                0x00000000000026c8       0x82 ./amazon-freertos/freertos/tasks.o
                0x00000000000026c8                xTaskCreate
 .text.prvInitialiseNewTask
                0x000000000000274a      0x13a ./amazon-freertos/freertos/tasks.o
 .text.__main   0x0000000000002884        0xe /usr/local/mcuxpressoide-11.0.0_2516/ide/plugins/com.nxp.mcuxpresso.tools.linux_11.0.0.201905131304/tools/bin/../lib/gcc/arm-none-eabi/8.2.1/../../../../arm-none-eabi/lib/thumb/v7e-m+fp/hard/libcr_semihost_nf.a(_cr__main.o)
                0x0000000000002884                __main
                0x0000000000002884                __CR_SEMIHOST
 .text.memset   0x0000000000002892        0x4 /usr/local/mcuxpressoide-11.0.0_2516/ide/plugins/com.nxp.mcuxpresso.tools.linux_11.0.0.201905131304/tools/bin/../lib/gcc/arm-none-eabi/8.2.1/../../../../arm-none-eabi/lib/thumb/v7e-m+fp/hard/libcr_c.a(memset.o)
                0x0000000000002892                memset
 .text._deferredlazyseek
                0x0000000000002896       0x40 /usr/local/mcuxpressoide-11.0.0_2516/ide/plugins/com.nxp.mcuxpresso.tools.linux_11.0.0.201905131304/tools/bin/../lib/gcc/arm-none-eabi/8.2.1/../../../../arm-none-eabi/lib/thumb/v7e-m+fp/hard/libcr_c.a(_deferredlazyseek.o)
                0x0000000000002896                _deferredlazyseek
 .text.__flsbuf
                0x00000000000028d6      0x140 /usr/local/mcuxpressoide-11.0.0_2516/ide/plugins/com.nxp.mcuxpresso.tools.linux_11.0.0.201905131304/tools/bin/../lib/gcc/arm-none-eabi/8.2.1/../../../../arm-none-eabi/lib/thumb/v7e-m+fp/hard/libcr_c.a(_deferredlazyseek.o)
                0x00000000000028d6                __flsbuf
 .text._fflush  0x0000000000002a16       0x52 /usr/local/mcuxpressoide-11.0.0_2516/ide/plugins/com.nxp.mcuxpresso.tools.linux_11.0.0.201905131304/tools/bin/../lib/gcc/arm-none-eabi/8.2.1/../../../../arm-none-eabi/lib/thumb/v7e-m+fp/hard/libcr_c.a(_fflush.o)
                0x0000000000002a16                _fflush
 .text.free     0x0000000000002a68       0x30 /usr/local/mcuxpressoide-11.0.0_2516/ide/plugins/com.nxp.mcuxpresso.tools.linux_11.0.0.201905131304/tools/bin/../lib/gcc/arm-none-eabi/8.2.1/../../../../arm-none-eabi/lib/thumb/v7e-m+fp/hard/libcr_c.a(alloc.o)
                0x0000000000002a68                free
 .text.fputs    0x0000000000002a98       0x2c /usr/local/mcuxpressoide-11.0.0_2516/ide/plugins/com.nxp.mcuxpresso.tools.linux_11.0.0.201905131304/tools/bin/../lib/gcc/arm-none-eabi/8.2.1/../../../../arm-none-eabi/lib/thumb/v7e-m+fp/hard/libcr_c.a(fputs.o)
                0x0000000000002a98                fputs
 .text._fdopen  0x0000000000002ac4       0x68 /usr/local/mcuxpressoide-11.0.0_2516/ide/plugins/com.nxp.mcuxpresso.tools.linux_11.0.0.201905131304/tools/bin/../lib/gcc/arm-none-eabi/8.2.1/../../../../arm-none-eabi/lib/thumb/v7e-m+fp/hard/libcr_c.a(_fdopen.o)
                0x0000000000002ac4                _fdopen
 .text.fclose   0x0000000000002b2c       0x58 /usr/local/mcuxpressoide-11.0.0_2516/ide/plugins/com.nxp.mcuxpresso.tools.linux_11.0.0.201905131304/tools/bin/../lib/gcc/arm-none-eabi/8.2.1/../../../../arm-none-eabi/lib/thumb/v7e-m+fp/hard/libcr_c.a(fclose.o)
                0x0000000000002b2c                fclose
 .text.remove   0x0000000000002b84       0x14 /usr/local/mcuxpressoide-11.0.0_2516/ide/plugins/com.nxp.mcuxpresso.tools.linux_11.0.0.201905131304/tools/bin/../lib/gcc/arm-none-eabi/8.2.1/../../../../arm-none-eabi/lib/thumb/v7e-m+fp/hard/libcr_c.a(remove.o)
                0x0000000000002b84                remove
 .text.strlen   0x0000000000002b98       0x4c /usr/local/mcuxpressoide-11.0.0_2516/ide/plugins/com.nxp.mcuxpresso.tools.linux_11.0.0.201905131304/tools/bin/../lib/gcc/arm-none-eabi/8.2.1/../../../../arm-none-eabi/lib/thumb/v7e-m+fp/hard/libcr_c.a(strlen.o)
                0x0000000000002b98                strlen
 .text._do_fflush
                0x0000000000002be4       0x40 /usr/local/mcuxpressoide-11.0.0_2516/ide/plugins/com.nxp.mcuxpresso.tools.linux_11.0.0.201905131304/tools/bin/../lib/gcc/arm-none-eabi/8.2.1/../../../../arm-none-eabi/lib/thumb/v7e-m+fp/hard/libcr_c.a(_do_fflush.o)
                0x0000000000002be4                _do_fflush
 .text.__aeabi_division_uldivmod
                0x0000000000002c24      0x174 /usr/local/mcuxpressoide-11.0.0_2516/ide/plugins/com.nxp.mcuxpresso.tools.linux_11.0.0.201905131304/tools/bin/../lib/gcc/arm-none-eabi/8.2.1/thumb/v7e-m+fp/hard/libcr_eabihelpers.a(division_64.o)
                0x0000000000002c24                __aeabi_uldivmod
                0x0000000000002c28                __bhs_ldivmod1
 .text.__aeabi_division_idiv0
                0x0000000000002d98        0x2 /usr/local/mcuxpressoide-11.0.0_2516/ide/plugins/com.nxp.mcuxpresso.tools.linux_11.0.0.201905131304/tools/bin/../lib/gcc/arm-none-eabi/8.2.1/thumb/v7e-m+fp/hard/libcr_eabihelpers.a(division_idiv0.o)
                0x0000000000002d98                __aeabi_idiv0
 .text.__aeabi_memset_lowlevel
                0x0000000000002d9a       0x32 /usr/local/mcuxpressoide-11.0.0_2516/ide/plugins/com.nxp.mcuxpresso.tools.linux_11.0.0.201905131304/tools/bin/../lib/gcc/arm-none-eabi/8.2.1/thumb/v7e-m+fp/hard/libcr_eabihelpers.a(memcpy.o)
                0x0000000000002d9a                __aeabi_lowlevel_memset
 .text.__sys_close
                0x0000000000002dcc        0xc /usr/local/mcuxpressoide-11.0.0_2516/ide/plugins/com.nxp.mcuxpresso.tools.linux_11.0.0.201905131304/tools/bin/../lib/gcc/arm-none-eabi/8.2.1/../../../../arm-none-eabi/lib/thumb/v7e-m+fp/hard/libcr_semihost_nf.a(__sys_close.o)
                0x0000000000002dcc                __sys_close
 .text.__sys_flen
                0x0000000000002dd8        0xc /usr/local/mcuxpressoide-11.0.0_2516/ide/plugins/com.nxp.mcuxpresso.tools.linux_11.0.0.201905131304/tools/bin/../lib/gcc/arm-none-eabi/8.2.1/../../../../arm-none-eabi/lib/thumb/v7e-m+fp/hard/libcr_semihost_nf.a(__sys_flen.o)
                0x0000000000002dd8                __sys_flen
 .text.__sys_istty
                0x0000000000002de4        0xc /usr/local/mcuxpressoide-11.0.0_2516/ide/plugins/com.nxp.mcuxpresso.tools.linux_11.0.0.201905131304/tools/bin/../lib/gcc/arm-none-eabi/8.2.1/../../../../arm-none-eabi/lib/thumb/v7e-m+fp/hard/libcr_semihost_nf.a(__sys_istty.o)
                0x0000000000002de4                __sys_istty
 .text.__sys_remove
                0x0000000000002df0        0xc /usr/local/mcuxpressoide-11.0.0_2516/ide/plugins/com.nxp.mcuxpresso.tools.linux_11.0.0.201905131304/tools/bin/../lib/gcc/arm-none-eabi/8.2.1/../../../../arm-none-eabi/lib/thumb/v7e-m+fp/hard/libcr_semihost_nf.a(__sys_remove.o)
                0x0000000000002df0                __sys_remove
 .text.__sys_seek
                0x0000000000002dfc        0xc /usr/local/mcuxpressoide-11.0.0_2516/ide/plugins/com.nxp.mcuxpresso.tools.linux_11.0.0.201905131304/tools/bin/../lib/gcc/arm-none-eabi/8.2.1/../../../../arm-none-eabi/lib/thumb/v7e-m+fp/hard/libcr_semihost_nf.a(__sys_seek.o)
                0x0000000000002dfc                __sys_seek
 .text.__sys_tmpnam
                0x0000000000002e08        0xc /usr/local/mcuxpressoide-11.0.0_2516/ide/plugins/com.nxp.mcuxpresso.tools.linux_11.0.0.201905131304/tools/bin/../lib/gcc/arm-none-eabi/8.2.1/../../../../arm-none-eabi/lib/thumb/v7e-m+fp/hard/libcr_semihost_nf.a(__sys_tmpnam.o)
                0x0000000000002e08                __sys_tmpnam
 .text.__sys_write
                0x0000000000002e14        0xc /usr/local/mcuxpressoide-11.0.0_2516/ide/plugins/com.nxp.mcuxpresso.tools.linux_11.0.0.201905131304/tools/bin/../lib/gcc/arm-none-eabi/8.2.1/../../../../arm-none-eabi/lib/thumb/v7e-m+fp/hard/libcr_semihost_nf.a(__sys_write.o)
                0x0000000000002e14                __sys_write
 *(SORT_BY_ALIGNMENT(.rodata) SORT_BY_ALIGNMENT(.rodata.*) SORT_BY_ALIGNMENT(.constdata) SORT_BY_ALIGNMENT(.constdata.*))
 .rodata        0x0000000000002e20       0x29 ./source/motor calibration.o
 *fill*         0x0000000000002e49        0x3 ff
 .rodata.wdtFreqLookup
                0x0000000000002e4c       0x20 ./drivers/fsl_clock.o
 .rodata.s_ctimerBases
                0x0000000000002e6c       0x14 ./drivers/fsl_ctimer.o
 .rodata.s_ctimerClocks
                0x0000000000002e80        0xa ./drivers/fsl_ctimer.o
 *fill*         0x0000000000002e8a        0x2 ff
 .rodata.s_ctimerResets
                0x0000000000002e8c       0x14 ./drivers/fsl_ctimer.o
 .rodata.s_ctimerIRQ
                0x0000000000002ea0        0x5 ./drivers/fsl_ctimer.o
 *fill*         0x0000000000002ea5        0x3 ff
 .rodata        0x0000000000002ea8       0xb5 ./drivers/fsl_ctimer.o
 *fill*         0x0000000000002f5d        0x3 ff
 .rodata        0x0000000000002f60       0x55 ./drivers/fsl_reset.o
 *fill*         0x0000000000002fb5        0x3 ff
 .rodata.__num_Ciob_streams
                0x0000000000002fb8        0x4 /usr/local/mcuxpressoide-11.0.0_2516/ide/plugins/com.nxp.mcuxpresso.tools.linux_11.0.0.201905131304/tools/bin/../lib/gcc/arm-none-eabi/8.2.1/../../../../arm-none-eabi/lib/thumb/v7e-m+fp/hard/libcr_semihost_nf.a(__ciob.o)
                0x0000000000002fb8                __num_Ciob_streams
 .rodata.__assertion_failed.str1.1
                0x0000000000002fbc       0x15 /usr/local/mcuxpressoide-11.0.0_2516/ide/plugins/com.nxp.mcuxpresso.tools.linux_11.0.0.201905131304/tools/bin/../lib/gcc/arm-none-eabi/8.2.1/../../../../arm-none-eabi/lib/thumb/v7e-m+fp/hard/libcr_semihost_nf.a(_cr_assert.o)
 .rodata._Csys_alloc.str1.1
                0x0000000000002fd1       0x18 /usr/local/mcuxpressoide-11.0.0_2516/ide/plugins/com.nxp.mcuxpresso.tools.linux_11.0.0.201905131304/tools/bin/../lib/gcc/arm-none-eabi/8.2.1/../../../../arm-none-eabi/lib/thumb/v7e-m+fp/hard/libcr_c.a(alloc.o)
 .rodata._initio.str1.1
                0x0000000000002fe9        0x4 /usr/local/mcuxpressoide-11.0.0_2516/ide/plugins/com.nxp.mcuxpresso.tools.linux_11.0.0.201905131304/tools/bin/../lib/gcc/arm-none-eabi/8.2.1/../../../../arm-none-eabi/lib/thumb/v7e-m+fp/hard/libcr_c.a(initio.o)
                0x0000000000002ff0                . = ALIGN (0x4)
 *fill*         0x0000000000002fed        0x3 ff

.glue_7         0x0000000000002ff0        0x0
 .glue_7        0x0000000000002ff0        0x0 linker stubs

.glue_7t        0x0000000000002ff0        0x0
 .glue_7t       0x0000000000002ff0        0x0 linker stubs

.vfp11_veneer   0x0000000000002ff0        0x0
 .vfp11_veneer  0x0000000000002ff0        0x0 linker stubs

.v4_bx          0x0000000000002ff0        0x0
 .v4_bx         0x0000000000002ff0        0x0 linker stubs

.iplt           0x0000000000002ff0        0x0
 .iplt          0x0000000000002ff0        0x0 ./startup/startup_lpc5411x.o

.rel.dyn        0x0000000000002ff0        0x0
 .rel.iplt      0x0000000000002ff0        0x0 ./startup/startup_lpc5411x.o

.ARM.extab
 *(SORT_BY_ALIGNMENT(.ARM.extab*) SORT_BY_ALIGNMENT(.gnu.linkonce.armextab.*))
                0x0000000000002ff0                __exidx_start = .

.ARM.exidx
 *(SORT_BY_ALIGNMENT(.ARM.exidx*) SORT_BY_ALIGNMENT(.gnu.linkonce.armexidx.*))
                0x0000000000002ff0                __exidx_end = .
                0x0000000000002ff0                _etext = .

.data_RAM2      0x0000000020000000        0x0 load address 0x0000000000002ff0
 FILL mask 0xff
                [!provide]                        PROVIDE (__start_data_RAM2 = .)
 *(SORT_BY_ALIGNMENT(.ramfunc.$RAM2))
 *(SORT_BY_ALIGNMENT(.ramfunc.$SRAM0))
 *(SORT_BY_ALIGNMENT(.data.$RAM2))
 *(SORT_BY_ALIGNMENT(.data.$SRAM0))
 *(SORT_BY_ALIGNMENT(.data.$RAM2.*))
 *(SORT_BY_ALIGNMENT(.data.$SRAM0.*))
                0x0000000020000000                . = ALIGN (0x4)
                [!provide]                        PROVIDE (__end_data_RAM2 = .)

.data_RAM3      0x0000000004000000        0x0 load address 0x0000000000002ff0
 FILL mask 0xff
                [!provide]                        PROVIDE (__start_data_RAM3 = .)
 *(SORT_BY_ALIGNMENT(.ramfunc.$RAM3))
 *(SORT_BY_ALIGNMENT(.ramfunc.$SRAMX))
 *(SORT_BY_ALIGNMENT(.data.$RAM3))
 *(SORT_BY_ALIGNMENT(.data.$SRAMX))
 *(SORT_BY_ALIGNMENT(.data.$RAM3.*))
 *(SORT_BY_ALIGNMENT(.data.$SRAMX.*))
                0x0000000004000000                . = ALIGN (0x4)
                [!provide]                        PROVIDE (__end_data_RAM3 = .)

.data_RAM4      0x0000000020020000        0x0 load address 0x0000000000002ff0
 FILL mask 0xff
                [!provide]                        PROVIDE (__start_data_RAM4 = .)
 *(SORT_BY_ALIGNMENT(.ramfunc.$RAM4))
 *(SORT_BY_ALIGNMENT(.ramfunc.$SRAM2))
 *(SORT_BY_ALIGNMENT(.data.$RAM4))
 *(SORT_BY_ALIGNMENT(.data.$SRAM2))
 *(SORT_BY_ALIGNMENT(.data.$RAM4.*))
 *(SORT_BY_ALIGNMENT(.data.$SRAM2.*))
                0x0000000020020000                . = ALIGN (0x4)
                [!provide]                        PROVIDE (__end_data_RAM4 = .)

.uninit_RESERVED
                0x0000000020010000        0x0
                0x0000000020010000                . = ALIGN (0x4)
 *(SORT_BY_ALIGNMENT(.bss.$RESERVED*))
                0x0000000020010000                . = ALIGN (0x4)
                0x0000000020010000                _end_uninit_RESERVED = .

.data           0x0000000020010000        0x8 load address 0x0000000000002ff0
 FILL mask 0xff
                0x0000000020010000                _data = .
 *(SORT_BY_ALIGNMENT(vtable))
 *(SORT_BY_ALIGNMENT(.ramfunc*))
 *(SORT_BY_ALIGNMENT(.data*))
 .data.SystemCoreClock
                0x0000000020010000        0x4 ./device/system_LPC54114_cm4.o
                0x0000000020010000                SystemCoreClock
 .data.uxCriticalNesting
                0x0000000020010004        0x4 ./amazon-freertos/freertos/portable/port.o
                0x0000000020010008                . = ALIGN (0x4)
                0x0000000020010008                _edata = .

.igot.plt       0x0000000020010008        0x0 load address 0x0000000000002ff8
 .igot.plt      0x0000000020010008        0x0 ./startup/startup_lpc5411x.o

.bss_RAM2       0x0000000020000000        0x0
                0x0000000020000000                . = ALIGN (0x4)
                [!provide]                        PROVIDE (__start_bss_RAM2 = .)
 *(SORT_BY_ALIGNMENT(.bss.$RAM2))
 *(SORT_BY_ALIGNMENT(.bss.$SRAM0))
 *(SORT_BY_ALIGNMENT(.bss.$RAM2.*))
 *(SORT_BY_ALIGNMENT(.bss.$SRAM0.*))
                0x0000000020000000                . = ALIGN ((. != 0x0)?0x4:0x1)
                [!provide]                        PROVIDE (__end_bss_RAM2 = .)

.bss_RAM3       0x0000000004000000        0x0
                0x0000000004000000                . = ALIGN (0x4)
                [!provide]                        PROVIDE (__start_bss_RAM3 = .)
 *(SORT_BY_ALIGNMENT(.bss.$RAM3))
 *(SORT_BY_ALIGNMENT(.bss.$SRAMX))
 *(SORT_BY_ALIGNMENT(.bss.$RAM3.*))
 *(SORT_BY_ALIGNMENT(.bss.$SRAMX.*))
                0x0000000004000000                . = ALIGN ((. != 0x0)?0x4:0x1)
                [!provide]                        PROVIDE (__end_bss_RAM3 = .)

.bss_RAM4       0x0000000020020000        0x0
                0x0000000020020000                . = ALIGN (0x4)
                [!provide]                        PROVIDE (__start_bss_RAM4 = .)
 *(SORT_BY_ALIGNMENT(.bss.$RAM4))
 *(SORT_BY_ALIGNMENT(.bss.$SRAM2))
 *(SORT_BY_ALIGNMENT(.bss.$RAM4.*))
 *(SORT_BY_ALIGNMENT(.bss.$SRAM2.*))
                0x0000000020020000                . = ALIGN ((. != 0x0)?0x4:0x1)
                [!provide]                        PROVIDE (__end_bss_RAM4 = .)

.bss            0x0000000020010008     0x29fc
                0x0000000020010008                . = ALIGN (0x4)
                0x0000000020010008                _bss = .
 *(SORT_BY_ALIGNMENT(.bss*))
 .bss.__SWVtrace_Enabled
                0x0000000020010008        0x4 ./startup/startup_lpc5411x.o
                0x0000000020010008                __SWVtrace_Enabled
 .bss.s_Pll_Freq
                0x000000002001000c        0x4 ./drivers/fsl_clock.o
 .bss.s_I2S_Mclk_Freq
                0x0000000020010010        0x4 ./drivers/fsl_clock.o
 .bss.s_ctimerCallback
                0x0000000020010014       0x14 ./drivers/fsl_ctimer.o
 .bss.ctimerCallbackType
                0x0000000020010028        0x5 ./drivers/fsl_ctimer.o
 *fill*         0x000000002001002d        0x3 
 .bss.ucHeap    0x0000000020010030     0x2800 ./amazon-freertos/freertos/portable/heap_4.o
 .bss.xStart    0x0000000020012830        0x8 ./amazon-freertos/freertos/portable/heap_4.o
 .bss.pxEnd     0x0000000020012838        0x4 ./amazon-freertos/freertos/portable/heap_4.o
 .bss.xFreeBytesRemaining
                0x000000002001283c        0x4 ./amazon-freertos/freertos/portable/heap_4.o
 .bss.xMinimumEverFreeBytesRemaining
                0x0000000020012840        0x4 ./amazon-freertos/freertos/portable/heap_4.o
 .bss.xBlockAllocatedBit
                0x0000000020012844        0x4 ./amazon-freertos/freertos/portable/heap_4.o
 .bss.pxCurrentTCB
                0x0000000020012848        0x4 ./amazon-freertos/freertos/tasks.o
                0x0000000020012848                pxCurrentTCB
 .bss.pxReadyTasksLists
                0x000000002001284c       0x64 ./amazon-freertos/freertos/tasks.o
 .bss.xDelayedTaskList1
                0x00000000200128b0       0x14 ./amazon-freertos/freertos/tasks.o
 .bss.xDelayedTaskList2
                0x00000000200128c4       0x14 ./amazon-freertos/freertos/tasks.o
 .bss.pxDelayedTaskList
                0x00000000200128d8        0x4 ./amazon-freertos/freertos/tasks.o
 .bss.pxOverflowDelayedTaskList
                0x00000000200128dc        0x4 ./amazon-freertos/freertos/tasks.o
 .bss.xPendingReadyList
                0x00000000200128e0       0x14 ./amazon-freertos/freertos/tasks.o
 .bss.xTasksWaitingTermination
                0x00000000200128f4       0x14 ./amazon-freertos/freertos/tasks.o
 .bss.xSuspendedTaskList
                0x0000000020012908       0x14 ./amazon-freertos/freertos/tasks.o
 .bss.uxCurrentNumberOfTasks
                0x000000002001291c        0x4 ./amazon-freertos/freertos/tasks.o
 .bss.xTickCount
                0x0000000020012920        0x4 ./amazon-freertos/freertos/tasks.o
 .bss.uxTopReadyPriority
                0x0000000020012924        0x4 ./amazon-freertos/freertos/tasks.o
 .bss.xSchedulerRunning
                0x0000000020012928        0x4 ./amazon-freertos/freertos/tasks.o
 .bss.uxPendedTicks
                0x000000002001292c        0x4 ./amazon-freertos/freertos/tasks.o
 .bss.xYieldPending
                0x0000000020012930        0x4 ./amazon-freertos/freertos/tasks.o
 .bss.xNumOfOverflows
                0x0000000020012934        0x4 ./amazon-freertos/freertos/tasks.o
 .bss.uxTaskNumber
                0x0000000020012938        0x4 ./amazon-freertos/freertos/tasks.o
 .bss.xNextTaskUnblockTime
                0x000000002001293c        0x4 ./amazon-freertos/freertos/tasks.o
 .bss.uxSchedulerSuspended
                0x0000000020012940        0x4 ./amazon-freertos/freertos/tasks.o
 .bss.__Ciob    0x0000000020012944       0xb4 /usr/local/mcuxpressoide-11.0.0_2516/ide/plugins/com.nxp.mcuxpresso.tools.linux_11.0.0.201905131304/tools/bin/../lib/gcc/arm-none-eabi/8.2.1/../../../../arm-none-eabi/lib/thumb/v7e-m+fp/hard/libcr_semihost_nf.a(__ciob.o)
                0x0000000020012944                __Ciob
 .bss.__end_of_heap
                0x00000000200129f8        0x4 /usr/local/mcuxpressoide-11.0.0_2516/ide/plugins/com.nxp.mcuxpresso.tools.linux_11.0.0.201905131304/tools/bin/../lib/gcc/arm-none-eabi/8.2.1/../../../../arm-none-eabi/lib/thumb/v7e-m+fp/hard/libcr_c.a(__init_alloc.o)
                0x00000000200129f8                __end_of_heap
 .bss.__heaps   0x00000000200129fc        0x4 /usr/local/mcuxpressoide-11.0.0_2516/ide/plugins/com.nxp.mcuxpresso.tools.linux_11.0.0.201905131304/tools/bin/../lib/gcc/arm-none-eabi/8.2.1/../../../../arm-none-eabi/lib/thumb/v7e-m+fp/hard/libcr_c.a(__init_alloc.o)
                0x00000000200129fc                __heaps
 .bss.errno     0x0000000020012a00        0x4 /usr/local/mcuxpressoide-11.0.0_2516/ide/plugins/com.nxp.mcuxpresso.tools.linux_11.0.0.201905131304/tools/bin/../lib/gcc/arm-none-eabi/8.2.1/../../../../arm-none-eabi/lib/thumb/v7e-m+fp/hard/libcr_c.a(errno.o)
                0x0000000020012a00                errno
 *(SORT_BY_ALIGNMENT(COMMON))
                0x0000000020012a04                . = ALIGN (0x4)
                0x0000000020012a04                _ebss = .
                [!provide]                        PROVIDE (end = .)

.noinit_RAM2    0x0000000020000000        0x0
                0x0000000020000000                . = ALIGN (0x4)
 *(SORT_BY_ALIGNMENT(.noinit.$RAM2))
 *(SORT_BY_ALIGNMENT(.noinit.$SRAM0))
 *(SORT_BY_ALIGNMENT(.noinit.$RAM2.*))
 *(SORT_BY_ALIGNMENT(.noinit.$SRAM0.*))
                0x0000000020000000                . = ALIGN (0x4)

.noinit_RAM3    0x0000000004000000        0x0
                0x0000000004000000                . = ALIGN (0x4)
 *(SORT_BY_ALIGNMENT(.noinit.$RAM3))
 *(SORT_BY_ALIGNMENT(.noinit.$SRAMX))
 *(SORT_BY_ALIGNMENT(.noinit.$RAM3.*))
 *(SORT_BY_ALIGNMENT(.noinit.$SRAMX.*))
                0x0000000004000000                . = ALIGN (0x4)

.noinit_RAM4    0x0000000020020000        0x0
                0x0000000020020000                . = ALIGN (0x4)
 *(SORT_BY_ALIGNMENT(.noinit.$RAM4))
 *(SORT_BY_ALIGNMENT(.noinit.$SRAM2))
 *(SORT_BY_ALIGNMENT(.noinit.$RAM4.*))
 *(SORT_BY_ALIGNMENT(.noinit.$SRAM2.*))
                0x0000000020020000                . = ALIGN (0x4)

.noinit         0x0000000020012a04        0x0
                0x0000000020012a04                . = ALIGN (0x4)
                0x0000000020012a04                _noinit = .
 *(SORT_BY_ALIGNMENT(.noinit*))
                0x0000000020012a04                . = ALIGN (0x4)
                0x0000000020012a04                _end_noinit = .
                0x0000000000001000                _HeapSize = 0x1000

.heap           0x0000000020012a04     0x1000
                0x0000000020012a04                _pvHeapStart = .
                0x0000000020013a04                . = (. + _HeapSize)
 *fill*         0x0000000020012a04     0x1000 
                0x0000000020013a04                . = ALIGN (0x4)
                0x0000000020013a04                _pvHeapLimit = .
                0x0000000000001000                _StackSize = 0x1000

.heap2stackfill
                0x0000000020013a04     0x1000
                0x0000000020014a04                . = (. + _StackSize)
 *fill*         0x0000000020013a04     0x1000 

.stack          0x000000002001f000        0x0
                0x000000002001f000                _vStackBase = .
                0x000000002001f000                . = ALIGN (0x4)
                0x0000000020020000                _vStackTop = (. + _StackSize)
                0xffffffffdffdd596                PROVIDE (__valid_user_code_checksum = (0x0 - ((((((_vStackTop + (ResetISR + 0x1)) + (NMI_Handler + 0x1)) + (HardFault_Handler + 0x1)) + (DEFINED (MemManage_Handler)?MemManage_Handler:0x0 + 0x1)) + (DEFINED (BusFault_Handler)?BusFault_Handler:0x0 + 0x1)) + (DEFINED (UsageFault_Handler)?UsageFault_Handler:0x0 + 0x1))))
                0x0000000000000000                _image_start = LOADADDR (.text)
                0x0000000000002ff8                _image_end = (LOADADDR (.data) + SIZEOF (.data))
                0x0000000000002ff8                _image_size = (_image_end - _image_start)
OUTPUT(motor calibration.axf elf32-littlearm)

.debug_info     0x0000000000000000     0xcc50
 .debug_info    0x0000000000000000      0x5e7 ./startup/startup_lpc5411x.o
 .debug_info    0x00000000000005e7      0xdaf ./source/motor calibration.o
 .debug_info    0x0000000000001396       0x3c ./source/semihost_hardfault.o
 .debug_info    0x00000000000013d2     0x27c4 ./drivers/fsl_clock.o
 .debug_info    0x0000000000003b96     0x1d43 ./drivers/fsl_ctimer.o
 .debug_info    0x00000000000058d9      0xbf3 ./drivers/fsl_reset.o
 .debug_info    0x00000000000064cc      0xd58 ./device/system_LPC54114_cm4.o
 .debug_info    0x0000000000007224      0xd02 ./board/clock_config.o
 .debug_info    0x0000000000007f26       0x4e ./board/peripherals.o
 .debug_info    0x0000000000007f74      0xc3b ./board/pin_mux.o
 .debug_info    0x0000000000008baf      0x418 ./amazon-freertos/freertos/portable/heap_4.o
 .debug_info    0x0000000000008fc7      0x560 ./amazon-freertos/freertos/portable/port.o
 .debug_info    0x0000000000009527      0x2f6 ./amazon-freertos/freertos/list.o
 .debug_info    0x000000000000981d     0x215d ./amazon-freertos/freertos/tasks.o
 .debug_info    0x000000000000b97a     0x12d6 /home/jass/Project/Lpc54114 mcu c code /Test/motor calibration/libs/libpower_cm4_hardabi.a(fsl_power_lib.o)

.debug_abbrev   0x0000000000000000     0x1dcb
 .debug_abbrev  0x0000000000000000      0x174 ./startup/startup_lpc5411x.o
 .debug_abbrev  0x0000000000000174      0x21d ./source/motor calibration.o
 .debug_abbrev  0x0000000000000391       0x31 ./source/semihost_hardfault.o
 .debug_abbrev  0x00000000000003c2      0x3a4 ./drivers/fsl_clock.o
 .debug_abbrev  0x0000000000000766      0x34f ./drivers/fsl_ctimer.o
 .debug_abbrev  0x0000000000000ab5      0x1b5 ./drivers/fsl_reset.o
 .debug_abbrev  0x0000000000000c6a      0x216 ./device/system_LPC54114_cm4.o
 .debug_abbrev  0x0000000000000e80      0x18b ./board/clock_config.o
 .debug_abbrev  0x000000000000100b       0x4b ./board/peripherals.o
 .debug_abbrev  0x0000000000001056      0x1a4 ./board/pin_mux.o
 .debug_abbrev  0x00000000000011fa      0x212 ./amazon-freertos/freertos/portable/heap_4.o
 .debug_abbrev  0x000000000000140c      0x262 ./amazon-freertos/freertos/portable/port.o
 .debug_abbrev  0x000000000000166e      0x12d ./amazon-freertos/freertos/list.o
 .debug_abbrev  0x000000000000179b      0x30b ./amazon-freertos/freertos/tasks.o
 .debug_abbrev  0x0000000000001aa6      0x325 /home/jass/Project/Lpc54114 mcu c code /Test/motor calibration/libs/libpower_cm4_hardabi.a(fsl_power_lib.o)

.debug_aranges  0x0000000000000000      0x990
 .debug_aranges
                0x0000000000000000      0x1c8 ./startup/startup_lpc5411x.o
 .debug_aranges
                0x00000000000001c8       0x78 ./source/motor calibration.o
 .debug_aranges
                0x0000000000000240       0x20 ./source/semihost_hardfault.o
 .debug_aranges
                0x0000000000000260      0x1c0 ./drivers/fsl_clock.o
 .debug_aranges
                0x0000000000000420       0xd8 ./drivers/fsl_ctimer.o
 .debug_aranges
                0x00000000000004f8       0x48 ./drivers/fsl_reset.o
 .debug_aranges
                0x0000000000000540       0x68 ./device/system_LPC54114_cm4.o
 .debug_aranges
                0x00000000000005a8       0x30 ./board/clock_config.o
 .debug_aranges
                0x00000000000005d8       0x28 ./board/peripherals.o
 .debug_aranges
                0x0000000000000600       0x30 ./board/pin_mux.o
 .debug_aranges
                0x0000000000000630       0x50 ./amazon-freertos/freertos/portable/heap_4.o
 .debug_aranges
                0x0000000000000680       0x80 ./amazon-freertos/freertos/portable/port.o
 .debug_aranges
                0x0000000000000700       0x40 ./amazon-freertos/freertos/list.o
 .debug_aranges
                0x0000000000000740      0x1f8 ./amazon-freertos/freertos/tasks.o
 .debug_aranges
                0x0000000000000938       0x58 /home/jass/Project/Lpc54114 mcu c code /Test/motor calibration/libs/libpower_cm4_hardabi.a(fsl_power_lib.o)

.debug_ranges   0x0000000000000000      0x8d0
 .debug_ranges  0x0000000000000000      0x1b8 ./startup/startup_lpc5411x.o
 .debug_ranges  0x00000000000001b8       0x68 ./source/motor calibration.o
 .debug_ranges  0x0000000000000220       0x10 ./source/semihost_hardfault.o
 .debug_ranges  0x0000000000000230      0x1b0 ./drivers/fsl_clock.o
 .debug_ranges  0x00000000000003e0       0xc8 ./drivers/fsl_ctimer.o
 .debug_ranges  0x00000000000004a8       0x38 ./drivers/fsl_reset.o
 .debug_ranges  0x00000000000004e0       0x58 ./device/system_LPC54114_cm4.o
 .debug_ranges  0x0000000000000538       0x20 ./board/clock_config.o
 .debug_ranges  0x0000000000000558       0x18 ./board/peripherals.o
 .debug_ranges  0x0000000000000570       0x20 ./board/pin_mux.o
 .debug_ranges  0x0000000000000590       0x40 ./amazon-freertos/freertos/portable/heap_4.o
 .debug_ranges  0x00000000000005d0       0x70 ./amazon-freertos/freertos/portable/port.o
 .debug_ranges  0x0000000000000640       0x30 ./amazon-freertos/freertos/list.o
 .debug_ranges  0x0000000000000670      0x1e8 ./amazon-freertos/freertos/tasks.o
 .debug_ranges  0x0000000000000858       0x78 /home/jass/Project/Lpc54114 mcu c code /Test/motor calibration/libs/libpower_cm4_hardabi.a(fsl_power_lib.o)

.debug_macro    0x0000000000000000     0xa4d9
 .debug_macro   0x0000000000000000       0x32 ./startup/startup_lpc5411x.o
 .debug_macro   0x0000000000000032       0x34 ./startup/startup_lpc5411x.o
 .debug_macro   0x0000000000000066      0x215 ./source/motor calibration.o
 .debug_macro   0x000000000000027b       0x10 ./source/motor calibration.o
 .debug_macro   0x000000000000028b      0x12e ./source/motor calibration.o
 .debug_macro   0x00000000000003b9       0xd8 ./source/motor calibration.o
 .debug_macro   0x0000000000000491       0x10 ./source/motor calibration.o
 .debug_macro   0x00000000000004a1       0x3a ./source/motor calibration.o
 .debug_macro   0x00000000000004db       0x16 ./source/motor calibration.o
 .debug_macro   0x00000000000004f1       0x22 ./source/motor calibration.o
 .debug_macro   0x0000000000000513      0x5b3 ./source/motor calibration.o
 .debug_macro   0x0000000000000ac6       0x22 ./source/motor calibration.o
 .debug_macro   0x0000000000000ae8       0x10 ./source/motor calibration.o
 .debug_macro   0x0000000000000af8       0x38 ./source/motor calibration.o
 .debug_macro   0x0000000000000b30       0x1c ./source/motor calibration.o
 .debug_macro   0x0000000000000b4c       0x22 ./source/motor calibration.o
 .debug_macro   0x0000000000000b6e       0xdf ./source/motor calibration.o
 .debug_macro   0x0000000000000c4d      0xff5 ./source/motor calibration.o
 .debug_macro   0x0000000000001c42       0xe2 ./source/motor calibration.o
 .debug_macro   0x0000000000001d24       0x2e ./source/motor calibration.o
 .debug_macro   0x0000000000001d52     0x68c5 ./source/motor calibration.o
 .debug_macro   0x0000000000008617      0x246 ./source/motor calibration.o
 .debug_macro   0x000000000000885d       0xc9 ./source/motor calibration.o
 .debug_macro   0x0000000000008926      0x1f7 ./source/motor calibration.o
 .debug_macro   0x0000000000008b1d       0x73 ./source/motor calibration.o
 .debug_macro   0x0000000000008b90       0x16 ./source/motor calibration.o
 .debug_macro   0x0000000000008ba6      0x189 ./source/motor calibration.o
 .debug_macro   0x0000000000008d2f      0x15a ./source/motor calibration.o
 .debug_macro   0x0000000000008e89       0xdd ./source/motor calibration.o
 .debug_macro   0x0000000000008f66       0x1c ./source/motor calibration.o
 .debug_macro   0x0000000000008f82       0x26 ./source/motor calibration.o
 .debug_macro   0x0000000000008fa8      0x433 ./source/motor calibration.o
 .debug_macro   0x00000000000093db       0xb5 ./source/motor calibration.o
 .debug_macro   0x0000000000009490       0xc8 ./source/motor calibration.o
 .debug_macro   0x0000000000009558       0x80 ./source/motor calibration.o
 .debug_macro   0x00000000000095d8       0x97 ./source/motor calibration.o
 .debug_macro   0x000000000000966f       0x10 ./source/motor calibration.o
 .debug_macro   0x000000000000967f       0x11 ./source/semihost_hardfault.o
 .debug_macro   0x0000000000009690      0x1db ./drivers/fsl_clock.o
 .debug_macro   0x000000000000986b       0x1c ./drivers/fsl_clock.o
 .debug_macro   0x0000000000009887       0x22 ./drivers/fsl_clock.o
 .debug_macro   0x00000000000098a9      0x12e ./drivers/fsl_ctimer.o
 .debug_macro   0x00000000000099d7      0x11e ./drivers/fsl_reset.o
 .debug_macro   0x0000000000009af5       0xdf ./device/system_LPC54114_cm4.o
 .debug_macro   0x0000000000009bd4      0x13e ./board/clock_config.o
 .debug_macro   0x0000000000009d12       0x1c ./board/clock_config.o
 .debug_macro   0x0000000000009d2e       0x1b ./board/peripherals.o
 .debug_macro   0x0000000000009d49      0x121 ./board/pin_mux.o
 .debug_macro   0x0000000000009e6a       0xdf ./amazon-freertos/freertos/portable/heap_4.o
 .debug_macro   0x0000000000009f49       0x28 ./amazon-freertos/freertos/portable/heap_4.o
 .debug_macro   0x0000000000009f71      0x189 ./amazon-freertos/freertos/portable/heap_4.o
 .debug_macro   0x000000000000a0fa      0x179 ./amazon-freertos/freertos/portable/port.o
 .debug_macro   0x000000000000a273       0x16 ./amazon-freertos/freertos/portable/port.o
 .debug_macro   0x000000000000a289       0xb8 ./amazon-freertos/freertos/list.o
 .debug_macro   0x000000000000a341      0x188 ./amazon-freertos/freertos/tasks.o
 .debug_macro   0x000000000000a4c9       0x10 ./amazon-freertos/freertos/tasks.o

.debug_line     0x0000000000000000     0x6294
 .debug_line    0x0000000000000000      0x579 ./startup/startup_lpc5411x.o
 .debug_line    0x0000000000000579      0x573 ./source/motor calibration.o
 .debug_line    0x0000000000000aec       0x5a ./source/semihost_hardfault.o
 .debug_line    0x0000000000000b46     0x151c ./drivers/fsl_clock.o
 .debug_line    0x0000000000002062      0x84b ./drivers/fsl_ctimer.o
 .debug_line    0x00000000000028ad      0x43b ./drivers/fsl_reset.o
 .debug_line    0x0000000000002ce8      0x56b ./device/system_LPC54114_cm4.o
 .debug_line    0x0000000000003253      0x321 ./board/clock_config.o
 .debug_line    0x0000000000003574       0x71 ./board/peripherals.o
 .debug_line    0x00000000000035e5      0x373 ./board/pin_mux.o
 .debug_line    0x0000000000003958      0x50f ./amazon-freertos/freertos/portable/heap_4.o
 .debug_line    0x0000000000003e67      0x55b ./amazon-freertos/freertos/portable/port.o
 .debug_line    0x00000000000043c2      0x379 ./amazon-freertos/freertos/list.o
 .debug_line    0x000000000000473b     0x17f4 ./amazon-freertos/freertos/tasks.o
 .debug_line    0x0000000000005f2f      0x365 /home/jass/Project/Lpc54114 mcu c code /Test/motor calibration/libs/libpower_cm4_hardabi.a(fsl_power_lib.o)

.debug_str      0x0000000000000000    0x50bba
 .debug_str     0x0000000000000000     0x350d ./startup/startup_lpc5411x.o
                                       0x354b (size before relaxing)
 .debug_str     0x000000000000350d    0x47904 ./source/motor calibration.o
                                      0x4a939 (size before relaxing)
 .debug_str     0x000000000004ae11       0x1f ./source/semihost_hardfault.o
                                       0x2f05 (size before relaxing)
 .debug_str     0x000000000004ae30     0x293a ./drivers/fsl_clock.o
                                      0x47e30 (size before relaxing)
 .debug_str     0x000000000004d76a      0xb09 ./drivers/fsl_ctimer.o
                                      0x46f51 (size before relaxing)
 .debug_str     0x000000000004e273      0x117 ./drivers/fsl_reset.o
                                      0x457bb (size before relaxing)
 .debug_str     0x000000000004e38a      0x13e ./device/system_LPC54114_cm4.o
                                      0x43e29 (size before relaxing)
 .debug_str     0x000000000004e4c8       0x40 ./board/clock_config.o
                                      0x45ee4 (size before relaxing)
 .debug_str     0x000000000004e508       0x47 ./board/peripherals.o
                                       0x2f2c (size before relaxing)
 .debug_str     0x000000000004e54f       0x40 ./board/pin_mux.o
                                      0x4598c (size before relaxing)
 .debug_str     0x000000000004e58f      0x2c8 ./amazon-freertos/freertos/portable/heap_4.o
                                       0x8721 (size before relaxing)
 .debug_str     0x000000000004e857      0x838 ./amazon-freertos/freertos/portable/port.o
                                       0x8cbe (size before relaxing)
 .debug_str     0x000000000004f08f      0x122 ./amazon-freertos/freertos/list.o
                                       0x7f3b (size before relaxing)
 .debug_str     0x000000000004f1b1     0x1483 ./amazon-freertos/freertos/tasks.o
                                       0xa2ed (size before relaxing)
 .debug_str     0x0000000000050634      0x586 /home/jass/Project/Lpc54114 mcu c code /Test/motor calibration/libs/libpower_cm4_hardabi.a(fsl_power_lib.o)
                                        0xbcd (size before relaxing)

.comment        0x0000000000000000       0xf4
 .comment       0x0000000000000000       0x75 ./startup/startup_lpc5411x.o
                                         0x76 (size before relaxing)
 .comment       0x0000000000000075       0x76 ./source/motor calibration.o
 .comment       0x0000000000000075       0x76 ./source/semihost_hardfault.o
 .comment       0x0000000000000075       0x76 ./drivers/fsl_clock.o
 .comment       0x0000000000000075       0x76 ./drivers/fsl_ctimer.o
 .comment       0x0000000000000075       0x76 ./drivers/fsl_reset.o
 .comment       0x0000000000000075       0x76 ./device/system_LPC54114_cm4.o
 .comment       0x0000000000000075       0x76 ./board/clock_config.o
 .comment       0x0000000000000075       0x76 ./board/peripherals.o
 .comment       0x0000000000000075       0x76 ./board/pin_mux.o
 .comment       0x0000000000000075       0x76 ./amazon-freertos/freertos/portable/heap_4.o
 .comment       0x0000000000000075       0x76 ./amazon-freertos/freertos/portable/port.o
 .comment       0x0000000000000075       0x76 ./amazon-freertos/freertos/list.o
 .comment       0x0000000000000075       0x76 ./amazon-freertos/freertos/tasks.o
 .comment       0x0000000000000075       0x7f /home/jass/Project/Lpc54114 mcu c code /Test/motor calibration/libs/libpower_cm4_hardabi.a(fsl_power_lib.o)
                                         0x80 (size before relaxing)
 .comment       0x00000000000000f4       0x76 /usr/local/mcuxpressoide-11.0.0_2516/ide/plugins/com.nxp.mcuxpresso.tools.linux_11.0.0.201905131304/tools/bin/../lib/gcc/arm-none-eabi/8.2.1/../../../../arm-none-eabi/lib/thumb/v7e-m+fp/hard/libcr_semihost_nf.a(_cr__main.o)
 .comment       0x00000000000000f4       0x76 /usr/local/mcuxpressoide-11.0.0_2516/ide/plugins/com.nxp.mcuxpresso.tools.linux_11.0.0.201905131304/tools/bin/../lib/gcc/arm-none-eabi/8.2.1/../../../../arm-none-eabi/lib/thumb/v7e-m+fp/hard/libcr_semihost_nf.a(_cr_assert.o)
 .comment       0x00000000000000f4       0x76 /usr/local/mcuxpressoide-11.0.0_2516/ide/plugins/com.nxp.mcuxpresso.tools.linux_11.0.0.201905131304/tools/bin/../lib/gcc/arm-none-eabi/8.2.1/../../../../arm-none-eabi/lib/thumb/v7e-m+fp/hard/libcr_semihost_nf.a(__ciob.o)
 .comment       0x00000000000000f4       0x76 /usr/local/mcuxpressoide-11.0.0_2516/ide/plugins/com.nxp.mcuxpresso.tools.linux_11.0.0.201905131304/tools/bin/../lib/gcc/arm-none-eabi/8.2.1/../../../../arm-none-eabi/lib/thumb/v7e-m+fp/hard/libcr_c.a(memset.o)
 .comment       0x00000000000000f4       0x76 /usr/local/mcuxpressoide-11.0.0_2516/ide/plugins/com.nxp.mcuxpresso.tools.linux_11.0.0.201905131304/tools/bin/../lib/gcc/arm-none-eabi/8.2.1/../../../../arm-none-eabi/lib/thumb/v7e-m+fp/hard/libcr_c.a(_deferredlazyseek.o)
 .comment       0x00000000000000f4       0x76 /usr/local/mcuxpressoide-11.0.0_2516/ide/plugins/com.nxp.mcuxpresso.tools.linux_11.0.0.201905131304/tools/bin/../lib/gcc/arm-none-eabi/8.2.1/../../../../arm-none-eabi/lib/thumb/v7e-m+fp/hard/libcr_c.a(_fflush.o)
 .comment       0x00000000000000f4       0x76 /usr/local/mcuxpressoide-11.0.0_2516/ide/plugins/com.nxp.mcuxpresso.tools.linux_11.0.0.201905131304/tools/bin/../lib/gcc/arm-none-eabi/8.2.1/../../../../arm-none-eabi/lib/thumb/v7e-m+fp/hard/libcr_c.a(_writebuf.o)
 .comment       0x00000000000000f4       0x76 /usr/local/mcuxpressoide-11.0.0_2516/ide/plugins/com.nxp.mcuxpresso.tools.linux_11.0.0.201905131304/tools/bin/../lib/gcc/arm-none-eabi/8.2.1/../../../../arm-none-eabi/lib/thumb/v7e-m+fp/hard/libcr_c.a(alloc.o)
 .comment       0x00000000000000f4       0x76 /usr/local/mcuxpressoide-11.0.0_2516/ide/plugins/com.nxp.mcuxpresso.tools.linux_11.0.0.201905131304/tools/bin/../lib/gcc/arm-none-eabi/8.2.1/../../../../arm-none-eabi/lib/thumb/v7e-m+fp/hard/libcr_c.a(fputs.o)
 .comment       0x00000000000000f4       0x76 /usr/local/mcuxpressoide-11.0.0_2516/ide/plugins/com.nxp.mcuxpresso.tools.linux_11.0.0.201905131304/tools/bin/../lib/gcc/arm-none-eabi/8.2.1/../../../../arm-none-eabi/lib/thumb/v7e-m+fp/hard/libcr_c.a(fseek.o)
 .comment       0x00000000000000f4       0x76 /usr/local/mcuxpressoide-11.0.0_2516/ide/plugins/com.nxp.mcuxpresso.tools.linux_11.0.0.201905131304/tools/bin/../lib/gcc/arm-none-eabi/8.2.1/../../../../arm-none-eabi/lib/thumb/v7e-m+fp/hard/libcr_c.a(ftell.o)
 .comment       0x00000000000000f4       0x76 /usr/local/mcuxpressoide-11.0.0_2516/ide/plugins/com.nxp.mcuxpresso.tools.linux_11.0.0.201905131304/tools/bin/../lib/gcc/arm-none-eabi/8.2.1/../../../../arm-none-eabi/lib/thumb/v7e-m+fp/hard/libcr_c.a(initio.o)
 .comment       0x00000000000000f4       0x76 /usr/local/mcuxpressoide-11.0.0_2516/ide/plugins/com.nxp.mcuxpresso.tools.linux_11.0.0.201905131304/tools/bin/../lib/gcc/arm-none-eabi/8.2.1/../../../../arm-none-eabi/lib/thumb/v7e-m+fp/hard/libcr_c.a(setvbuf.o)
 .comment       0x00000000000000f4       0x76 /usr/local/mcuxpressoide-11.0.0_2516/ide/plugins/com.nxp.mcuxpresso.tools.linux_11.0.0.201905131304/tools/bin/../lib/gcc/arm-none-eabi/8.2.1/../../../../arm-none-eabi/lib/thumb/v7e-m+fp/hard/libcr_c.a(__init_alloc.o)
 .comment       0x00000000000000f4       0x76 /usr/local/mcuxpressoide-11.0.0_2516/ide/plugins/com.nxp.mcuxpresso.tools.linux_11.0.0.201905131304/tools/bin/../lib/gcc/arm-none-eabi/8.2.1/../../../../arm-none-eabi/lib/thumb/v7e-m+fp/hard/libcr_c.a(_cr_sbrk.o)
 .comment       0x00000000000000f4       0x76 /usr/local/mcuxpressoide-11.0.0_2516/ide/plugins/com.nxp.mcuxpresso.tools.linux_11.0.0.201905131304/tools/bin/../lib/gcc/arm-none-eabi/8.2.1/../../../../arm-none-eabi/lib/thumb/v7e-m+fp/hard/libcr_c.a(_fdopen.o)
 .comment       0x00000000000000f4       0x76 /usr/local/mcuxpressoide-11.0.0_2516/ide/plugins/com.nxp.mcuxpresso.tools.linux_11.0.0.201905131304/tools/bin/../lib/gcc/arm-none-eabi/8.2.1/../../../../arm-none-eabi/lib/thumb/v7e-m+fp/hard/libcr_c.a(errno.o)
 .comment       0x00000000000000f4       0x76 /usr/local/mcuxpressoide-11.0.0_2516/ide/plugins/com.nxp.mcuxpresso.tools.linux_11.0.0.201905131304/tools/bin/../lib/gcc/arm-none-eabi/8.2.1/../../../../arm-none-eabi/lib/thumb/v7e-m+fp/hard/libcr_c.a(fclose.o)
 .comment       0x00000000000000f4       0x76 /usr/local/mcuxpressoide-11.0.0_2516/ide/plugins/com.nxp.mcuxpresso.tools.linux_11.0.0.201905131304/tools/bin/../lib/gcc/arm-none-eabi/8.2.1/../../../../arm-none-eabi/lib/thumb/v7e-m+fp/hard/libcr_c.a(fflush.o)
 .comment       0x00000000000000f4       0x76 /usr/local/mcuxpressoide-11.0.0_2516/ide/plugins/com.nxp.mcuxpresso.tools.linux_11.0.0.201905131304/tools/bin/../lib/gcc/arm-none-eabi/8.2.1/../../../../arm-none-eabi/lib/thumb/v7e-m+fp/hard/libcr_c.a(remove.o)
 .comment       0x00000000000000f4       0x76 /usr/local/mcuxpressoide-11.0.0_2516/ide/plugins/com.nxp.mcuxpresso.tools.linux_11.0.0.201905131304/tools/bin/../lib/gcc/arm-none-eabi/8.2.1/../../../../arm-none-eabi/lib/thumb/v7e-m+fp/hard/libcr_c.a(strlen.o)
 .comment       0x00000000000000f4       0x76 /usr/local/mcuxpressoide-11.0.0_2516/ide/plugins/com.nxp.mcuxpresso.tools.linux_11.0.0.201905131304/tools/bin/../lib/gcc/arm-none-eabi/8.2.1/../../../../arm-none-eabi/lib/thumb/v7e-m+fp/hard/libcr_c.a(_cr_check_heap.o)
 .comment       0x00000000000000f4       0x76 /usr/local/mcuxpressoide-11.0.0_2516/ide/plugins/com.nxp.mcuxpresso.tools.linux_11.0.0.201905131304/tools/bin/../lib/gcc/arm-none-eabi/8.2.1/../../../../arm-none-eabi/lib/thumb/v7e-m+fp/hard/libcr_c.a(_do_fflush.o)

.ARM.attributes
                0x0000000000000000       0x37
 .ARM.attributes
                0x0000000000000000       0x34 ./startup/startup_lpc5411x.o
 .ARM.attributes
                0x0000000000000034       0x34 ./source/motor calibration.o
 .ARM.attributes
                0x0000000000000068       0x34 ./source/semihost_hardfault.o
 .ARM.attributes
                0x000000000000009c       0x34 ./drivers/fsl_clock.o
 .ARM.attributes
                0x00000000000000d0       0x34 ./drivers/fsl_ctimer.o
 .ARM.attributes
                0x0000000000000104       0x34 ./drivers/fsl_reset.o
 .ARM.attributes
                0x0000000000000138       0x34 ./device/system_LPC54114_cm4.o
 .ARM.attributes
                0x000000000000016c       0x34 ./board/clock_config.o
 .ARM.attributes
                0x00000000000001a0       0x34 ./board/peripherals.o
 .ARM.attributes
                0x00000000000001d4       0x34 ./board/pin_mux.o
 .ARM.attributes
                0x0000000000000208       0x34 ./amazon-freertos/freertos/portable/heap_4.o
 .ARM.attributes
                0x000000000000023c       0x34 ./amazon-freertos/freertos/portable/port.o
 .ARM.attributes
                0x0000000000000270       0x34 ./amazon-freertos/freertos/list.o
 .ARM.attributes
                0x00000000000002a4       0x34 ./amazon-freertos/freertos/tasks.o
 .ARM.attributes
                0x00000000000002d8       0x39 /home/jass/Project/Lpc54114 mcu c code /Test/motor calibration/libs/libpower_cm4_hardabi.a(fsl_power_lib.o)
 .ARM.attributes
                0x0000000000000311       0x34 /usr/local/mcuxpressoide-11.0.0_2516/ide/plugins/com.nxp.mcuxpresso.tools.linux_11.0.0.201905131304/tools/bin/../lib/gcc/arm-none-eabi/8.2.1/../../../../arm-none-eabi/lib/thumb/v7e-m+fp/hard/libcr_semihost_nf.a(_cr__main.o)
 .ARM.attributes
                0x0000000000000345       0x34 /usr/local/mcuxpressoide-11.0.0_2516/ide/plugins/com.nxp.mcuxpresso.tools.linux_11.0.0.201905131304/tools/bin/../lib/gcc/arm-none-eabi/8.2.1/../../../../arm-none-eabi/lib/thumb/v7e-m+fp/hard/libcr_semihost_nf.a(_cr_assert.o)
 .ARM.attributes
                0x0000000000000379       0x39 /usr/local/mcuxpressoide-11.0.0_2516/ide/plugins/com.nxp.mcuxpresso.tools.linux_11.0.0.201905131304/tools/bin/../lib/gcc/arm-none-eabi/8.2.1/../../../../arm-none-eabi/lib/thumb/v7e-m+fp/hard/libcr_semihost_nf.a(__ciob.o)
 .ARM.attributes
                0x00000000000003b2       0x20 /usr/local/mcuxpressoide-11.0.0_2516/ide/plugins/com.nxp.mcuxpresso.tools.linux_11.0.0.201905131304/tools/bin/../lib/gcc/arm-none-eabi/8.2.1/../../../../arm-none-eabi/lib/thumb/v7e-m+fp/hard/libcr_semihost_nf.a(__sys_appexit.o)
 .ARM.attributes
                0x00000000000003d2       0x34 /usr/local/mcuxpressoide-11.0.0_2516/ide/plugins/com.nxp.mcuxpresso.tools.linux_11.0.0.201905131304/tools/bin/../lib/gcc/arm-none-eabi/8.2.1/../../../../arm-none-eabi/lib/thumb/v7e-m+fp/hard/libcr_c.a(memset.o)
 .ARM.attributes
                0x0000000000000406       0x34 /usr/local/mcuxpressoide-11.0.0_2516/ide/plugins/com.nxp.mcuxpresso.tools.linux_11.0.0.201905131304/tools/bin/../lib/gcc/arm-none-eabi/8.2.1/../../../../arm-none-eabi/lib/thumb/v7e-m+fp/hard/libcr_c.a(_deferredlazyseek.o)
 .ARM.attributes
                0x000000000000043a       0x34 /usr/local/mcuxpressoide-11.0.0_2516/ide/plugins/com.nxp.mcuxpresso.tools.linux_11.0.0.201905131304/tools/bin/../lib/gcc/arm-none-eabi/8.2.1/../../../../arm-none-eabi/lib/thumb/v7e-m+fp/hard/libcr_c.a(_fflush.o)
 .ARM.attributes
                0x000000000000046e       0x34 /usr/local/mcuxpressoide-11.0.0_2516/ide/plugins/com.nxp.mcuxpresso.tools.linux_11.0.0.201905131304/tools/bin/../lib/gcc/arm-none-eabi/8.2.1/../../../../arm-none-eabi/lib/thumb/v7e-m+fp/hard/libcr_c.a(_writebuf.o)
 .ARM.attributes
                0x00000000000004a2       0x34 /usr/local/mcuxpressoide-11.0.0_2516/ide/plugins/com.nxp.mcuxpresso.tools.linux_11.0.0.201905131304/tools/bin/../lib/gcc/arm-none-eabi/8.2.1/../../../../arm-none-eabi/lib/thumb/v7e-m+fp/hard/libcr_c.a(alloc.o)
 .ARM.attributes
                0x00000000000004d6       0x34 /usr/local/mcuxpressoide-11.0.0_2516/ide/plugins/com.nxp.mcuxpresso.tools.linux_11.0.0.201905131304/tools/bin/../lib/gcc/arm-none-eabi/8.2.1/../../../../arm-none-eabi/lib/thumb/v7e-m+fp/hard/libcr_c.a(fputs.o)
 .ARM.attributes
                0x000000000000050a       0x34 /usr/local/mcuxpressoide-11.0.0_2516/ide/plugins/com.nxp.mcuxpresso.tools.linux_11.0.0.201905131304/tools/bin/../lib/gcc/arm-none-eabi/8.2.1/../../../../arm-none-eabi/lib/thumb/v7e-m+fp/hard/libcr_c.a(fseek.o)
 .ARM.attributes
                0x000000000000053e       0x34 /usr/local/mcuxpressoide-11.0.0_2516/ide/plugins/com.nxp.mcuxpresso.tools.linux_11.0.0.201905131304/tools/bin/../lib/gcc/arm-none-eabi/8.2.1/../../../../arm-none-eabi/lib/thumb/v7e-m+fp/hard/libcr_c.a(ftell.o)
 .ARM.attributes
                0x0000000000000572       0x34 /usr/local/mcuxpressoide-11.0.0_2516/ide/plugins/com.nxp.mcuxpresso.tools.linux_11.0.0.201905131304/tools/bin/../lib/gcc/arm-none-eabi/8.2.1/../../../../arm-none-eabi/lib/thumb/v7e-m+fp/hard/libcr_c.a(initio.o)
 .ARM.attributes
                0x00000000000005a6       0x34 /usr/local/mcuxpressoide-11.0.0_2516/ide/plugins/com.nxp.mcuxpresso.tools.linux_11.0.0.201905131304/tools/bin/../lib/gcc/arm-none-eabi/8.2.1/../../../../arm-none-eabi/lib/thumb/v7e-m+fp/hard/libcr_c.a(setvbuf.o)
 .ARM.attributes
                0x00000000000005da       0x34 /usr/local/mcuxpressoide-11.0.0_2516/ide/plugins/com.nxp.mcuxpresso.tools.linux_11.0.0.201905131304/tools/bin/../lib/gcc/arm-none-eabi/8.2.1/../../../../arm-none-eabi/lib/thumb/v7e-m+fp/hard/libcr_c.a(__init_alloc.o)
 .ARM.attributes
                0x000000000000060e       0x34 /usr/local/mcuxpressoide-11.0.0_2516/ide/plugins/com.nxp.mcuxpresso.tools.linux_11.0.0.201905131304/tools/bin/../lib/gcc/arm-none-eabi/8.2.1/../../../../arm-none-eabi/lib/thumb/v7e-m+fp/hard/libcr_c.a(_cr_sbrk.o)
 .ARM.attributes
                0x0000000000000642       0x34 /usr/local/mcuxpressoide-11.0.0_2516/ide/plugins/com.nxp.mcuxpresso.tools.linux_11.0.0.201905131304/tools/bin/../lib/gcc/arm-none-eabi/8.2.1/../../../../arm-none-eabi/lib/thumb/v7e-m+fp/hard/libcr_c.a(_fdopen.o)
 .ARM.attributes
                0x0000000000000676       0x39 /usr/local/mcuxpressoide-11.0.0_2516/ide/plugins/com.nxp.mcuxpresso.tools.linux_11.0.0.201905131304/tools/bin/../lib/gcc/arm-none-eabi/8.2.1/../../../../arm-none-eabi/lib/thumb/v7e-m+fp/hard/libcr_c.a(errno.o)
 .ARM.attributes
                0x00000000000006af       0x34 /usr/local/mcuxpressoide-11.0.0_2516/ide/plugins/com.nxp.mcuxpresso.tools.linux_11.0.0.201905131304/tools/bin/../lib/gcc/arm-none-eabi/8.2.1/../../../../arm-none-eabi/lib/thumb/v7e-m+fp/hard/libcr_c.a(fclose.o)
 .ARM.attributes
                0x00000000000006e3       0x34 /usr/local/mcuxpressoide-11.0.0_2516/ide/plugins/com.nxp.mcuxpresso.tools.linux_11.0.0.201905131304/tools/bin/../lib/gcc/arm-none-eabi/8.2.1/../../../../arm-none-eabi/lib/thumb/v7e-m+fp/hard/libcr_c.a(fflush.o)
 .ARM.attributes
                0x0000000000000717       0x34 /usr/local/mcuxpressoide-11.0.0_2516/ide/plugins/com.nxp.mcuxpresso.tools.linux_11.0.0.201905131304/tools/bin/../lib/gcc/arm-none-eabi/8.2.1/../../../../arm-none-eabi/lib/thumb/v7e-m+fp/hard/libcr_c.a(remove.o)
 .ARM.attributes
                0x000000000000074b       0x34 /usr/local/mcuxpressoide-11.0.0_2516/ide/plugins/com.nxp.mcuxpresso.tools.linux_11.0.0.201905131304/tools/bin/../lib/gcc/arm-none-eabi/8.2.1/../../../../arm-none-eabi/lib/thumb/v7e-m+fp/hard/libcr_c.a(strlen.o)
 .ARM.attributes
                0x000000000000077f       0x34 /usr/local/mcuxpressoide-11.0.0_2516/ide/plugins/com.nxp.mcuxpresso.tools.linux_11.0.0.201905131304/tools/bin/../lib/gcc/arm-none-eabi/8.2.1/../../../../arm-none-eabi/lib/thumb/v7e-m+fp/hard/libcr_c.a(_cr_check_heap.o)
 .ARM.attributes
                0x00000000000007b3       0x34 /usr/local/mcuxpressoide-11.0.0_2516/ide/plugins/com.nxp.mcuxpresso.tools.linux_11.0.0.201905131304/tools/bin/../lib/gcc/arm-none-eabi/8.2.1/../../../../arm-none-eabi/lib/thumb/v7e-m+fp/hard/libcr_c.a(_do_fflush.o)
 .ARM.attributes
                0x00000000000007e7       0x20 /usr/local/mcuxpressoide-11.0.0_2516/ide/plugins/com.nxp.mcuxpresso.tools.linux_11.0.0.201905131304/tools/bin/../lib/gcc/arm-none-eabi/8.2.1/thumb/v7e-m+fp/hard/libcr_eabihelpers.a(division_64.o)
 .ARM.attributes
                0x0000000000000807       0x20 /usr/local/mcuxpressoide-11.0.0_2516/ide/plugins/com.nxp.mcuxpresso.tools.linux_11.0.0.201905131304/tools/bin/../lib/gcc/arm-none-eabi/8.2.1/thumb/v7e-m+fp/hard/libcr_eabihelpers.a(division_idiv0.o)
 .ARM.attributes
                0x0000000000000827       0x20 /usr/local/mcuxpressoide-11.0.0_2516/ide/plugins/com.nxp.mcuxpresso.tools.linux_11.0.0.201905131304/tools/bin/../lib/gcc/arm-none-eabi/8.2.1/thumb/v7e-m+fp/hard/libcr_eabihelpers.a(memcpy.o)
 .ARM.attributes
                0x0000000000000847       0x20 /usr/local/mcuxpressoide-11.0.0_2516/ide/plugins/com.nxp.mcuxpresso.tools.linux_11.0.0.201905131304/tools/bin/../lib/gcc/arm-none-eabi/8.2.1/../../../../arm-none-eabi/lib/thumb/v7e-m+fp/hard/libcr_semihost_nf.a(__sys_close.o)
 .ARM.attributes
                0x0000000000000867       0x20 /usr/local/mcuxpressoide-11.0.0_2516/ide/plugins/com.nxp.mcuxpresso.tools.linux_11.0.0.201905131304/tools/bin/../lib/gcc/arm-none-eabi/8.2.1/../../../../arm-none-eabi/lib/thumb/v7e-m+fp/hard/libcr_semihost_nf.a(__sys_flen.o)
 .ARM.attributes
                0x0000000000000887       0x20 /usr/local/mcuxpressoide-11.0.0_2516/ide/plugins/com.nxp.mcuxpresso.tools.linux_11.0.0.201905131304/tools/bin/../lib/gcc/arm-none-eabi/8.2.1/../../../../arm-none-eabi/lib/thumb/v7e-m+fp/hard/libcr_semihost_nf.a(__sys_istty.o)
 .ARM.attributes
                0x00000000000008a7       0x20 /usr/local/mcuxpressoide-11.0.0_2516/ide/plugins/com.nxp.mcuxpresso.tools.linux_11.0.0.201905131304/tools/bin/../lib/gcc/arm-none-eabi/8.2.1/../../../../arm-none-eabi/lib/thumb/v7e-m+fp/hard/libcr_semihost_nf.a(__sys_remove.o)
 .ARM.attributes
                0x00000000000008c7       0x20 /usr/local/mcuxpressoide-11.0.0_2516/ide/plugins/com.nxp.mcuxpresso.tools.linux_11.0.0.201905131304/tools/bin/../lib/gcc/arm-none-eabi/8.2.1/../../../../arm-none-eabi/lib/thumb/v7e-m+fp/hard/libcr_semihost_nf.a(__sys_seek.o)
 .ARM.attributes
                0x00000000000008e7       0x20 /usr/local/mcuxpressoide-11.0.0_2516/ide/plugins/com.nxp.mcuxpresso.tools.linux_11.0.0.201905131304/tools/bin/../lib/gcc/arm-none-eabi/8.2.1/../../../../arm-none-eabi/lib/thumb/v7e-m+fp/hard/libcr_semihost_nf.a(__sys_tmpnam.o)
 .ARM.attributes
                0x0000000000000907       0x20 /usr/local/mcuxpressoide-11.0.0_2516/ide/plugins/com.nxp.mcuxpresso.tools.linux_11.0.0.201905131304/tools/bin/../lib/gcc/arm-none-eabi/8.2.1/../../../../arm-none-eabi/lib/thumb/v7e-m+fp/hard/libcr_semihost_nf.a(__sys_write.o)

.debug_frame    0x0000000000000000     0x2220
 .debug_frame   0x0000000000000000      0x4c4 ./startup/startup_lpc5411x.o
 .debug_frame   0x00000000000004c4      0x180 ./source/motor calibration.o
 .debug_frame   0x0000000000000644       0x20 ./source/semihost_hardfault.o
 .debug_frame   0x0000000000000664      0x7dc ./drivers/fsl_clock.o
 .debug_frame   0x0000000000000e40      0x364 ./drivers/fsl_ctimer.o
 .debug_frame   0x00000000000011a4       0xf0 ./drivers/fsl_reset.o
 .debug_frame   0x0000000000001294      0x18c ./device/system_LPC54114_cm4.o
 .debug_frame   0x0000000000001420       0x70 ./board/clock_config.o
 .debug_frame   0x0000000000001490       0x4c ./board/peripherals.o
 .debug_frame   0x00000000000014dc       0x70 ./board/pin_mux.o
 .debug_frame   0x000000000000154c      0x108 ./amazon-freertos/freertos/portable/heap_4.o
 .debug_frame   0x0000000000001654      0x198 ./amazon-freertos/freertos/portable/port.o
 .debug_frame   0x00000000000017ec       0xd8 ./amazon-freertos/freertos/list.o
 .debug_frame   0x00000000000018c4      0x8a4 ./amazon-freertos/freertos/tasks.o
 .debug_frame   0x0000000000002168       0xb8 /home/jass/Project/Lpc54114 mcu c code /Test/motor calibration/libs/libpower_cm4_hardabi.a(fsl_power_lib.o)

.debug_loc      0x0000000000000000      0x346
 .debug_loc     0x0000000000000000      0x346 /home/jass/Project/Lpc54114 mcu c code /Test/motor calibration/libs/libpower_cm4_hardabi.a(fsl_power_lib.o)

Cross Reference Table

Symbol                                            File
ADC0_SEQA_DriverIRQHandler                        ./startup/startup_lpc5411x.o
ADC0_SEQA_IRQHandler                              ./startup/startup_lpc5411x.o
ADC0_SEQB_DriverIRQHandler                        ./startup/startup_lpc5411x.o
ADC0_SEQB_IRQHandler                              ./startup/startup_lpc5411x.o
ADC0_THCMP_DriverIRQHandler                       ./startup/startup_lpc5411x.o
ADC0_THCMP_IRQHandler                             ./startup/startup_lpc5411x.o
BOARD_BootClockRUN                                ./board/clock_config.o
BOARD_InitBootClocks                              ./board/clock_config.o
                                                  ./source/motor calibration.o
BOARD_InitBootPeripherals                         ./board/peripherals.o
                                                  ./source/motor calibration.o
BOARD_InitBootPins                                ./board/pin_mux.o
                                                  ./source/motor calibration.o
BOARD_InitDebugConsole                            ./board/board.o
BOARD_InitPeripherals                             ./board/peripherals.o
BOARD_InitPins                                    ./board/pin_mux.o
BusFault_Handler                                  ./startup/startup_lpc5411x.o
CLOCK_AttachClk                                   ./drivers/fsl_clock.o
                                                  ./board/clock_config.o
CLOCK_EnableUsbfs0Clock                           ./drivers/fsl_clock.o
CLOCK_GetAdcClkFreq                               ./drivers/fsl_clock.o
CLOCK_GetAsyncApbClkFreq                          ./drivers/fsl_clock.o
CLOCK_GetClockAttachId                            ./drivers/fsl_clock.o
CLOCK_GetCoreSysClkFreq                           ./drivers/fsl_clock.o
CLOCK_GetDmicClkFreq                              ./drivers/fsl_clock.o
CLOCK_GetExtClkFreq                               ./drivers/fsl_clock.o
CLOCK_GetFRGInputClock                            ./drivers/fsl_clock.o
CLOCK_GetFlexCommClkFreq                          ./drivers/fsl_clock.o
CLOCK_GetFreq                                     ./drivers/fsl_clock.o
                                                  ./source/motor calibration.o
CLOCK_GetFrgClkFreq                               ./drivers/fsl_clock.o
CLOCK_GetFro12MFreq                               ./drivers/fsl_clock.o
CLOCK_GetFroHfFreq                                ./drivers/fsl_clock.o
CLOCK_GetI2SMClkFreq                              ./drivers/fsl_clock.o
CLOCK_GetOsc32KFreq                               ./drivers/fsl_clock.o
CLOCK_GetPllOutFreq                               ./drivers/fsl_clock.o
CLOCK_GetSystemPLLInClockRate                     ./drivers/fsl_clock.o
CLOCK_GetSystemPLLOutClockRate                    ./drivers/fsl_clock.o
CLOCK_GetSystemPLLOutFromSetup                    ./drivers/fsl_clock.o
CLOCK_GetUsbClkFreq                               ./drivers/fsl_clock.o
CLOCK_GetWdtOscFreq                               ./drivers/fsl_clock.o
CLOCK_SetClkDiv                                   ./drivers/fsl_clock.o
                                                  ./board/clock_config.o
CLOCK_SetFLASHAccessCyclesForFreq                 ./drivers/fsl_clock.o
                                                  ./board/clock_config.o
CLOCK_SetFRGClock                                 ./drivers/fsl_clock.o
CLOCK_SetPLLFreq                                  ./drivers/fsl_clock.o
CLOCK_SetStoredPLLClockRate                       ./drivers/fsl_clock.o
CLOCK_SetupFROClocking                            ./drivers/fsl_clock.o
                                                  ./board/clock_config.o
CLOCK_SetupPLLData                                ./drivers/fsl_clock.o
CLOCK_SetupSystemPLLMult                          ./drivers/fsl_clock.o
CLOCK_SetupSystemPLLPrec                          ./drivers/fsl_clock.o
CRP_WORD                                          ./startup/startup_lpc5411x.o
CTIMER0_DriverIRQHandler                          ./drivers/fsl_ctimer.o
                                                  ./startup/startup_lpc5411x.o
CTIMER0_IRQHandler                                ./startup/startup_lpc5411x.o
CTIMER1_DriverIRQHandler                          ./drivers/fsl_ctimer.o
                                                  ./startup/startup_lpc5411x.o
CTIMER1_IRQHandler                                ./startup/startup_lpc5411x.o
CTIMER2_DriverIRQHandler                          ./drivers/fsl_ctimer.o
                                                  ./startup/startup_lpc5411x.o
CTIMER2_IRQHandler                                ./startup/startup_lpc5411x.o
CTIMER3_DriverIRQHandler                          ./drivers/fsl_ctimer.o
                                                  ./startup/startup_lpc5411x.o
CTIMER3_IRQHandler                                ./startup/startup_lpc5411x.o
CTIMER4_DriverIRQHandler                          ./drivers/fsl_ctimer.o