fsl_clock.h:472:20:CLOCK_EnableClock	24	static
fsl_clock.h:485:20:CLOCK_DisableClock	24	static
fsl_clock.h:515:20:CLOCK_SetFLASHAccessCycles	24	static
fsl_clock.h:634:35:CLOCK_GetAsyncApbClkSrc	4	static
fsl_clock.h:675:22:CLOCK_IsSystemPLLLocked	4	static
fsl_power.h:93:20:POWER_EnablePD	16	static
fsl_power.h:105:20:POWER_DisablePD	16	static
fsl_clock.c:124:6:CLOCK_AttachClk	32	static
fsl_clock.c:170:19:CLOCK_GetClockAttachId	48	static
fsl_clock.c:219:6:CLOCK_SetClkDiv	24	static
fsl_clock.c:246:10:CLOCK_SetupFROClocking	24	static
fsl_clock.c:283:10:CLOCK_GetFro12MFreq	4	static
fsl_clock.c:291:10:CLOCK_GetExtClkFreq	4	static
fsl_clock.c:298:10:CLOCK_GetWdtOscFreq	16	static
fsl_clock.c:318:10:CLOCK_GetFroHfFreq	4	static
fsl_clock.c:338:10:CLOCK_GetPllOutFreq	4	static
fsl_clock.c:346:10:CLOCK_GetOsc32KFreq	4	static
fsl_clock.c:353:10:CLOCK_GetCoreSysClkFreq	16	static
fsl_clock.c:397:10:CLOCK_GetI2SMClkFreq	4	static
fsl_clock.c:405:10:CLOCK_GetAsyncApbClkFreq	16	static
fsl_clock.c:432:10:CLOCK_GetFlexCommClkFreq	24	static
fsl_clock.c:465:10:CLOCK_GetAdcClkFreq	16	static
fsl_clock.c:494:10:CLOCK_GetFRGInputClock	16	static
fsl_clock.c:524:10:CLOCK_GetDmicClkFreq	16	static
fsl_clock.c:560:10:CLOCK_SetFRGClock	32	static
fsl_clock.c:582:10:CLOCK_GetFrgClkFreq	24	static
fsl_clock.c:603:10:CLOCK_GetUsbClkFreq	16	static
fsl_clock.c:625:10:CLOCK_GetFreq	24	static
fsl_clock.c:704:6:CLOCK_SetFLASHAccessCyclesForFreq	16	static
fsl_clock.c:733:17:pllEncodeN	24	static
fsl_clock.c:765:17:pllDecodeN	32	static
fsl_clock.c:803:17:pllEncodeP	24	static
fsl_clock.c:835:17:pllDecodeP	32	static
fsl_clock.c:873:17:pllEncodeM	24	static
fsl_clock.c:905:17:pllDecodeM	32	static
fsl_clock.c:943:13:pllFindSel	24	static
fsl_clock.c:990:17:findPllPreDiv	24	static
fsl_clock.c:1010:17:findPllPostDiv	24	static
fsl_clock.c:1030:17:findPllMMult	24	static
fsl_clock.c:1051:17:FindGreatestCommonDivisor	24	static
fsl_clock.c:1071:20:CLOCK_GetPllConfigInternal	120	static
fsl_clock.c:1254:20:CLOCK_GetPllConfig	40	static
fsl_clock.c:1305:13:CLOCK_GetSystemPLLOutFromSetupUpdate	16	static
fsl_clock.c:1314:10:CLOCK_GetSystemPLLInClockRate	16	static
fsl_clock.c:1349:10:CLOCK_GetSystemPLLOutFromSetup	72	static
fsl_clock.c:1429:6:CLOCK_SetStoredPLLClockRate	16	static
fsl_clock.c:1442:10:CLOCK_GetSystemPLLOutClockRate	48	static
fsl_clock.c:1471:13:CLOCK_SetupPLLData	32	static
fsl_clock.c:1524:13:CLOCK_SetupSystemPLLPrec	32	static
fsl_clock.c:1601:13:CLOCK_SetPLLFreq	32	static
fsl_clock.c:1671:6:CLOCK_SetupSystemPLLMult	48	static
fsl_clock.c:1761:6:CLOCK_EnableUsbfs0Clock	24	static
fsl_clock.c:1833:28:SDK_DelayAtLeastUs	56	static
